Archive member included to satisfy reference by file (symbol)

D:/STM32CubeIDE_1.13.2/STM32CubeIDE/plugins/com.st.stm32cube.ide.mcu.externaltools.gnu-tools-for-stm32.11.3.rel1.win32_1.1.1.202309131626/tools/bin/../lib/gcc/arm-none-eabi/11.3.1/../../../../arm-none-eabi/lib/thumb/v7-m/nofp\libc_nano.a(libc_a-calloc.o)
                              ./Core/Src/sd_card_interaction.o (calloc)
D:/STM32CubeIDE_1.13.2/STM32CubeIDE/plugins/com.st.stm32cube.ide.mcu.externaltools.gnu-tools-for-stm32.11.3.rel1.win32_1.1.1.202309131626/tools/bin/../lib/gcc/arm-none-eabi/11.3.1/../../../../arm-none-eabi/lib/thumb/v7-m/nofp\libc_nano.a(libc_a-callocr.o)
                              D:/STM32CubeIDE_1.13.2/STM32CubeIDE/plugins/com.st.stm32cube.ide.mcu.externaltools.gnu-tools-for-stm32.11.3.rel1.win32_1.1.1.202309131626/tools/bin/../lib/gcc/arm-none-eabi/11.3.1/../../../../arm-none-eabi/lib/thumb/v7-m/nofp\libc_nano.a(libc_a-calloc.o) (_calloc_r)
D:/STM32CubeIDE_1.13.2/STM32CubeIDE/plugins/com.st.stm32cube.ide.mcu.externaltools.gnu-tools-for-stm32.11.3.rel1.win32_1.1.1.202309131626/tools/bin/../lib/gcc/arm-none-eabi/11.3.1/../../../../arm-none-eabi/lib/thumb/v7-m/nofp\libc_nano.a(libc_a-exit.o)
                              D:/STM32CubeIDE_1.13.2/STM32CubeIDE/plugins/com.st.stm32cube.ide.mcu.externaltools.gnu-tools-for-stm32.11.3.rel1.win32_1.1.1.202309131626/tools/bin/../lib/gcc/arm-none-eabi/11.3.1/../../../../arm-none-eabi/lib/thumb/v7-m/nofp/crt0.o (exit)
D:/STM32CubeIDE_1.13.2/STM32CubeIDE/plugins/com.st.stm32cube.ide.mcu.externaltools.gnu-tools-for-stm32.11.3.rel1.win32_1.1.1.202309131626/tools/bin/../lib/gcc/arm-none-eabi/11.3.1/../../../../arm-none-eabi/lib/thumb/v7-m/nofp\libc_nano.a(libc_a-mallocr.o)
                              D:/STM32CubeIDE_1.13.2/STM32CubeIDE/plugins/com.st.stm32cube.ide.mcu.externaltools.gnu-tools-for-stm32.11.3.rel1.win32_1.1.1.202309131626/tools/bin/../lib/gcc/arm-none-eabi/11.3.1/../../../../arm-none-eabi/lib/thumb/v7-m/nofp\libc_nano.a(libc_a-callocr.o) (_malloc_r)
D:/STM32CubeIDE_1.13.2/STM32CubeIDE/plugins/com.st.stm32cube.ide.mcu.externaltools.gnu-tools-for-stm32.11.3.rel1.win32_1.1.1.202309131626/tools/bin/../lib/gcc/arm-none-eabi/11.3.1/../../../../arm-none-eabi/lib/thumb/v7-m/nofp\libc_nano.a(libc_a-mlock.o)
                              D:/STM32CubeIDE_1.13.2/STM32CubeIDE/plugins/com.st.stm32cube.ide.mcu.externaltools.gnu-tools-for-stm32.11.3.rel1.win32_1.1.1.202309131626/tools/bin/../lib/gcc/arm-none-eabi/11.3.1/../../../../arm-none-eabi/lib/thumb/v7-m/nofp\libc_nano.a(libc_a-mallocr.o) (__malloc_lock)
D:/STM32CubeIDE_1.13.2/STM32CubeIDE/plugins/com.st.stm32cube.ide.mcu.externaltools.gnu-tools-for-stm32.11.3.rel1.win32_1.1.1.202309131626/tools/bin/../lib/gcc/arm-none-eabi/11.3.1/../../../../arm-none-eabi/lib/thumb/v7-m/nofp\libc_nano.a(libc_a-findfp.o)
                              D:/STM32CubeIDE_1.13.2/STM32CubeIDE/plugins/com.st.stm32cube.ide.mcu.externaltools.gnu-tools-for-stm32.11.3.rel1.win32_1.1.1.202309131626/tools/bin/../lib/gcc/arm-none-eabi/11.3.1/../../../../arm-none-eabi/lib/thumb/v7-m/nofp\libc_nano.a(libc_a-exit.o) (__stdio_exit_handler)
D:/STM32CubeIDE_1.13.2/STM32CubeIDE/plugins/com.st.stm32cube.ide.mcu.externaltools.gnu-tools-for-stm32.11.3.rel1.win32_1.1.1.202309131626/tools/bin/../lib/gcc/arm-none-eabi/11.3.1/../../../../arm-none-eabi/lib/thumb/v7-m/nofp\libc_nano.a(libc_a-fwalk.o)
                              D:/STM32CubeIDE_1.13.2/STM32CubeIDE/plugins/com.st.stm32cube.ide.mcu.externaltools.gnu-tools-for-stm32.11.3.rel1.win32_1.1.1.202309131626/tools/bin/../lib/gcc/arm-none-eabi/11.3.1/../../../../arm-none-eabi/lib/thumb/v7-m/nofp\libc_nano.a(libc_a-findfp.o) (_fwalk_sglue)
D:/STM32CubeIDE_1.13.2/STM32CubeIDE/plugins/com.st.stm32cube.ide.mcu.externaltools.gnu-tools-for-stm32.11.3.rel1.win32_1.1.1.202309131626/tools/bin/../lib/gcc/arm-none-eabi/11.3.1/../../../../arm-none-eabi/lib/thumb/v7-m/nofp\libc_nano.a(libc_a-sprintf.o)
                              ./Core/Src/main.o (sprintf)
D:/STM32CubeIDE_1.13.2/STM32CubeIDE/plugins/com.st.stm32cube.ide.mcu.externaltools.gnu-tools-for-stm32.11.3.rel1.win32_1.1.1.202309131626/tools/bin/../lib/gcc/arm-none-eabi/11.3.1/../../../../arm-none-eabi/lib/thumb/v7-m/nofp\libc_nano.a(libc_a-stdio.o)
                              D:/STM32CubeIDE_1.13.2/STM32CubeIDE/plugins/com.st.stm32cube.ide.mcu.externaltools.gnu-tools-for-stm32.11.3.rel1.win32_1.1.1.202309131626/tools/bin/../lib/gcc/arm-none-eabi/11.3.1/../../../../arm-none-eabi/lib/thumb/v7-m/nofp\libc_nano.a(libc_a-findfp.o) (__sread)
D:/STM32CubeIDE_1.13.2/STM32CubeIDE/plugins/com.st.stm32cube.ide.mcu.externaltools.gnu-tools-for-stm32.11.3.rel1.win32_1.1.1.202309131626/tools/bin/../lib/gcc/arm-none-eabi/11.3.1/../../../../arm-none-eabi/lib/thumb/v7-m/nofp\libc_nano.a(libc_a-memset.o)
[...]
Memory Configuration

Name             Origin             Length             Attributes
RAM              0x0000000020000000 0x0000000000005000 xrw
FLASH            0x0000000008000000 0x0000000000010000 xr
*default*        0x0000000000000000 0xffffffffffffffff

Linker script and memory map

LOAD D:/STM32CubeIDE_1.13.2/STM32CubeIDE/plugins/com.st.stm32cube.ide.mcu.externaltools.gnu-tools-for-stm32.11.3.rel1.win32_1.1.1.202309131626/tools/bin/../lib/gcc/arm-none-eabi/11.3.1/thumb/v7-m/nofp/crti.o
LOAD D:/STM32CubeIDE_1.13.2/STM32CubeIDE/plugins/com.st.stm32cube.ide.mcu.externaltools.gnu-tools-for-stm32.11.3.rel1.win32_1.1.1.202309131626/tools/bin/../lib/gcc/arm-none-eabi/11.3.1/thumb/v7-m/nofp/crtbegin.o
LOAD D:/STM32CubeIDE_1.13.2/STM32CubeIDE/plugins/com.st.stm32cube.ide.mcu.externaltools.gnu-tools-for-stm32.11.3.rel1.win32_1.1.1.202309131626/tools/bin/../lib/gcc/arm-none-eabi/11.3.1/../../../../arm-none-eabi/lib/thumb/v7-m/nofp/crt0.o
LOAD ./Core/Src/ST7735.o
LOAD ./Core/Src/cmox_low_level.o
LOAD ./Core/Src/fatfs_sd.o
LOAD ./Core/Src/fonts.o
LOAD ./Core/Src/main.o
LOAD ./Core/Src/sd_card_interaction.o
LOAD ./Core/Src/state.o
LOAD ./Core/Src/stm32f1xx_hal_msp.o
LOAD ./Core/Src/stm32f1xx_it.o
LOAD ./Core/Src/syscalls.o
LOAD ./Core/Src/sysmem.o
LOAD ./Core/Src/system_stm32f1xx.o
LOAD ./Core/Src/utils.o
LOAD ./Core/Startup/startup_stm32f103c8tx.o
LOAD ./Drivers/STM32F1xx_HAL_Driver/Src/stm32f1xx_hal.o
LOAD ./Drivers/STM32F1xx_HAL_Driver/Src/stm32f1xx_hal_cortex.o
LOAD ./Drivers/STM32F1xx_HAL_Driver/Src/stm32f1xx_hal_crc.o
LOAD ./Drivers/STM32F1xx_HAL_Driver/Src/stm32f1xx_hal_dma.o
LOAD ./Drivers/STM32F1xx_HAL_Driver/Src/stm32f1xx_hal_exti.o
LOAD ./Drivers/STM32F1xx_HAL_Driver/Src/stm32f1xx_hal_flash.o
LOAD ./Drivers/STM32F1xx_HAL_Driver/Src/stm32f1xx_hal_flash_ex.o
LOAD ./Drivers/STM32F1xx_HAL_Driver/Src/stm32f1xx_hal_gpio.o
LOAD ./Drivers/STM32F1xx_HAL_Driver/Src/stm32f1xx_hal_gpio_ex.o
LOAD ./Drivers/STM32F1xx_HAL_Driver/Src/stm32f1xx_hal_pwr.o
LOAD ./Drivers/STM32F1xx_HAL_Driver/Src/stm32f1xx_hal_rcc.o
LOAD ./Drivers/STM32F1xx_HAL_Driver/Src/stm32f1xx_hal_rcc_ex.o
LOAD ./Drivers/STM32F1xx_HAL_Driver/Src/stm32f1xx_hal_spi.o
LOAD ./Drivers/STM32F1xx_HAL_Driver/Src/stm32f1xx_hal_uart.o
LOAD ./FATFS/App/fatfs.o
LOAD ./FATFS/Target/user_diskio.o
LOAD ./Middlewares/Third_Party/FatFs/src/diskio.o
LOAD ./Middlewares/Third_Party/FatFs/src/ff.o
LOAD ./Middlewares/Third_Party/FatFs/src/ff_gen_drv.o
LOAD ./Middlewares/Third_Party/FatFs/src/option/syscall.o
LOAD D:\STM Projects\en.STM32CubeExpansion_Crypto\STM32CubeExpansion_Crypto_V4.1.0\Middlewares\ST\STM32_Cryptographic\lib\libSTM32Cryptographic_CM3.a
START GROUP
LOAD D:/STM32CubeIDE_1.13.2/STM32CubeIDE/plugins/com.st.stm32cube.ide.mcu.externaltools.gnu-tools-for-stm32.11.3.rel1.win32_1.1.1.202309131626/tools/bin/../lib/gcc/arm-none-eabi/11.3.1/../../../../arm-none-eabi/lib/thumb/v7-m/nofp\libc_nano.a
LOAD D:/STM32CubeIDE_1.13.2/STM32CubeIDE/plugins/com.st.stm32cube.ide.mcu.externaltools.gnu-tools-for-stm32.11.3.rel1.win32_1.1.1.202309131626/tools/bin/../lib/gcc/arm-none-eabi/11.3.1/../../../../arm-none-eabi/lib/thumb/v7-m/nofp\libm.a
END GROUP
START GROUP
LOAD D:/STM32CubeIDE_1.13.2/STM32CubeIDE/plugins/com.st.stm32cube.ide.mcu.externaltools.gnu-tools-for-stm32.11.3.rel1.win32_1.1.1.202309131626/tools/bin/../lib/gcc/arm-none-eabi/11.3.1/thumb/v7-m/nofp\libgcc.a
LOAD D:/STM32CubeIDE_1.13.2/STM32CubeIDE/plugins/com.st.stm32cube.ide.mcu.externaltools.gnu-tools-for-stm32.11.3.rel1.win32_1.1.1.202309131626/tools/bin/../lib/gcc/arm-none-eabi/11.3.1/../../../../arm-none-eabi/lib/thumb/v7-m/nofp\libc_nano.a
END GROUP
START GROUP
LOAD D:/STM32CubeIDE_1.13.2/STM32CubeIDE/plugins/com.st.stm32cube.ide.mcu.externaltools.gnu-tools-for-stm32.11.3.rel1.win32_1.1.1.202309131626/tools/bin/../lib/gcc/arm-none-eabi/11.3.1/thumb/v7-m/nofp\libgcc.a
LOAD D:/STM32CubeIDE_1.13.2/STM32CubeIDE/plugins/com.st.stm32cube.ide.mcu.externaltools.gnu-tools-for-stm32.11.3.rel1.win32_1.1.1.202309131626/tools/bin/../lib/gcc/arm-none-eabi/11.3.1/../../../../arm-none-eabi/lib/thumb/v7-m/nofp\libc_nano.a
LOAD D:/STM32CubeIDE_1.13.2/STM32CubeIDE/plugins/com.st.stm32cube.ide.mcu.externaltools.gnu-tools-for-stm32.11.3.rel1.win32_1.1.1.202309131626/tools/bin/../lib/gcc/arm-none-eabi/11.3.1/../../../../arm-none-eabi/lib/thumb/v7-m/nofp\libnosys.a
END GROUP
START GROUP
LOAD D:/STM32CubeIDE_1.13.2/STM32CubeIDE/plugins/com.st.stm32cube.ide.mcu.externaltools.gnu-tools-for-stm32.11.3.rel1.win32_1.1.1.202309131626/tools/bin/../lib/gcc/arm-none-eabi/11.3.1/thumb/v7-m/nofp\libgcc.a
LOAD D:/STM32CubeIDE_1.13.2/STM32CubeIDE/plugins/com.st.stm32cube.ide.mcu.externaltools.gnu-tools-for-stm32.11.3.rel1.win32_1.1.1.202309131626/tools/bin/../lib/gcc/arm-none-eabi/11.3.1/../../../../arm-none-eabi/lib/thumb/v7-m/nofp\libc_nano.a
LOAD D:/STM32CubeIDE_1.13.2/STM32CubeIDE/plugins/com.st.stm32cube.ide.mcu.externaltools.gnu-tools-for-stm32.11.3.rel1.win32_1.1.1.202309131626/tools/bin/../lib/gcc/arm-none-eabi/11.3.1/../../../../arm-none-eabi/lib/thumb/v7-m/nofp\libnosys.a
END GROUP
LOAD D:/STM32CubeIDE_1.13.2/STM32CubeIDE/plugins/com.st.stm32cube.ide.mcu.externaltools.gnu-tools-for-stm32.11.3.rel1.win32_1.1.1.202309131626/tools/bin/../lib/gcc/arm-none-eabi/11.3.1/thumb/v7-m/nofp/crtend.o
LOAD D:/STM32CubeIDE_1.13.2/STM32CubeIDE/plugins/com.st.stm32cube.ide.mcu.externaltools.gnu-tools-for-stm32.11.3.rel1.win32_1.1.1.202309131626/tools/bin/../lib/gcc/arm-none-eabi/11.3.1/thumb/v7-m/nofp/crtn.o
                0x0000000020005000                _estack = (ORIGIN (RAM) + LENGTH (RAM))
                0x0000000000000200                _Min_Heap_Size = 0x200
                0x0000000000000400                _Min_Stack_Size = 0x400

.isr_vector     0x0000000008000000      0x10c
                0x0000000008000000                . = ALIGN (0x4)
 *(.isr_vector)
 .isr_vector    0x0000000008000000      0x10c ./Core/Startup/startup_stm32f103c8tx.o
                0x0000000008000000                g_pfnVectors
                0x000000000800010c                . = ALIGN (0x4)

.text           0x000000000800010c     0x6d50
                0x000000000800010c                . = ALIGN (0x4)
 *(.text)
 .text          0x000000000800010c       0x40 D:/STM32CubeIDE_1.13.2/STM32CubeIDE/plugins/com.st.stm32cube.ide.mcu.externaltools.gnu-tools-for-stm32.11.3.rel1.win32_1.1.1.202309131626/tools/bin/../lib/gcc/arm-none-eabi/11.3.1/thumb/v7-m/nofp/crtbegin.o
 .text          0x000000000800014c       0x14 D:/STM32CubeIDE_1.13.2/STM32CubeIDE/plugins/com.st.stm32cube.ide.mcu.externaltools.gnu-tools-for-stm32.11.3.rel1.win32_1.1.1.202309131626/tools/bin/../lib/gcc/arm-none-eabi/11.3.1/../../../../arm-none-eabi/lib/thumb/v7-m/nofp\libc_nano.a(libc_a-strcmp.o)
                0x000000000800014c                strcmp
 .text          0x0000000008000160       0x10 D:/STM32CubeIDE_1.13.2/STM32CubeIDE/plugins/com.st.stm32cube.ide.mcu.externaltools.gnu-tools-for-stm32.11.3.rel1.win32_1.1.1.202309131626/tools/bin/../lib/gcc/arm-none-eabi/11.3.1/../../../../arm-none-eabi/lib/thumb/v7-m/nofp\libc_nano.a(libc_a-strlen.o)
                0x0000000008000160                strlen
 *(.text*)
 .text.ST7735_GPIO_Init
                0x0000000008000170        0xc ./Core/Src/ST7735.o
 .text.ST7735_Reset
                0x000000000800017c       0x28 ./Core/Src/ST7735.o
 .text.ST7735_WriteCommand
                0x00000000080001a4       0x34 ./Core/Src/ST7735.o
 .text.ST7735_WriteData
                0x00000000080001d8       0x34 ./Core/Src/ST7735.o
 .text.ST7735_ExecuteCommandList
                0x000000000800020c       0x92 ./Core/Src/ST7735.o
 *fill*         0x000000000800029e        0x2 
 .text.ST7735_SetAddressWindow
                0x00000000080002a0       0x90 ./Core/Src/ST7735.o
 .text.ST7735_WriteChar
                0x0000000008000330       0xee ./Core/Src/ST7735.o
 *fill*         0x000000000800041e        0x2 
 .text.ST7735_Init
                0x0000000008000420       0x34 ./Core/Src/ST7735.o
                0x0000000008000420                ST7735_Init
 .text.ST7735_DrawString
                0x0000000008000454       0xb8 ./Core/Src/ST7735.o
                0x0000000008000454                ST7735_DrawString
 .text.ST7735_FillRectangle
                0x000000000800050c      0x11c ./Core/Src/ST7735.o
                0x000000000800050c                ST7735_FillRectangle
 .text.ST7735_FillScreen
                0x0000000008000628       0x38 ./Core/Src/ST7735.o
                0x0000000008000628                ST7735_FillScreen
 .text.ST7735_Backlight_On
                0x0000000008000660       0x18 ./Core/Src/ST7735.o
                0x0000000008000660                ST7735_Backlight_On
 .text.SELECT   0x0000000008000678       0x20 ./Core/Src/fatfs_sd.o
 .text.DESELECT
                0x0000000008000698       0x20 ./Core/Src/fatfs_sd.o
 .text.SPI_TxByte
                0x00000000080006b8       0x34 ./Core/Src/fatfs_sd.o
 .text.SPI_TxBuffer
                0x00000000080006ec       0x34 ./Core/Src/fatfs_sd.o
 .text.SPI_RxByte
                0x0000000008000720       0x38 ./Core/Src/fatfs_sd.o
 .text.SPI_RxBytePtr
                0x0000000008000758       0x1c ./Core/Src/fatfs_sd.o
 .text.SD_ReadyWait
                0x0000000008000774       0x34 ./Core/Src/fatfs_sd.o
 .text.SD_PowerOn
                0x00000000080007a8       0x84 ./Core/Src/fatfs_sd.o
 .text.SD_PowerOff
                0x000000000800082c       0x18 ./Core/Src/fatfs_sd.o
 .text.SD_CheckPower
                0x0000000008000844       0x14 ./Core/Src/fatfs_sd.o
 .text.SD_RxDataBlock
                0x0000000008000858       0x60 ./Core/Src/fatfs_sd.o
 .text.SD_TxDataBlock
                0x00000000080008b8       0x8a ./Core/Src/fatfs_sd.o
 .text.SD_SendCmd
                0x0000000008000942       0xa8 ./Core/Src/fatfs_sd.o
 *fill*         0x00000000080009ea        0x2 
 .text.SD_disk_initialize
                0x00000000080009ec      0x1d8 ./Core/Src/fatfs_sd.o
                0x00000000080009ec                SD_disk_initialize
 .text.SD_disk_status
                0x0000000008000bc4       0x28 ./Core/Src/fatfs_sd.o
                0x0000000008000bc4                SD_disk_status
 .text.SD_disk_read
                0x0000000008000bec       0xdc ./Core/Src/fatfs_sd.o
                0x0000000008000bec                SD_disk_read
 .text.SD_disk_write
                0x0000000008000cc8      0x114 ./Core/Src/fatfs_sd.o
                0x0000000008000cc8                SD_disk_write
 .text.SD_disk_ioctl
                0x0000000008000ddc      0x258 ./Core/Src/fatfs_sd.o
                0x0000000008000ddc                SD_disk_ioctl
 .text.main     0x0000000008001034       0xc8 ./Core/Src/main.o
                0x0000000008001034                main
 .text.SystemClock_Config
                0x00000000080010fc       0x76 ./Core/Src/main.o
                0x00000000080010fc                SystemClock_Config
 *fill*         0x0000000008001172        0x2 
 .text.MX_CRC_Init
                0x0000000008001174       0x28 ./Core/Src/main.o
 .text.MX_SPI1_Init
                0x000000000800119c       0x6c ./Core/Src/main.o
 .text.MX_SPI2_Init
                0x0000000008001208       0x6c ./Core/Src/main.o
 .text.MX_USART2_UART_Init
                0x0000000008001274       0x54 ./Core/Src/main.o
 .text.MX_GPIO_Init
                0x00000000080012c8       0xc4 ./Core/Src/main.o
 .text.HAL_GPIO_EXTI_Callback
                0x000000000800138c       0x54 ./Core/Src/main.o
                0x000000000800138c                HAL_GPIO_EXTI_Callback
 .text.HAL_UART_RxCpltCallback
                0x00000000080013e0       0x98 ./Core/Src/main.o
                0x00000000080013e0                HAL_UART_RxCpltCallback
 .text.is_checksum_end
                0x0000000008001478       0x74 ./Core/Src/main.o
                0x0000000008001478                is_checksum_end
 .text.read_next_byte
                0x00000000080014ec       0x28 ./Core/Src/main.o
                0x00000000080014ec                read_next_byte
 .text.read_algorithm_shift
                0x0000000008001514       0x20 ./Core/Src/main.o
                0x0000000008001514                read_algorithm_shift
 .text.get_uart_input
                0x0000000008001534       0x30 ./Core/Src/main.o
                0x0000000008001534                get_uart_input
 .text.print_uart_message
                0x0000000008001564       0x28 ./Core/Src/main.o
                0x0000000008001564                print_uart_message
 .text.Error_Handler
                0x000000000800158c        0xa ./Core/Src/main.o
                0x000000000800158c                Error_Handler
 .text.new_sd_card
                0x0000000008001596       0x30 ./Core/Src/sd_card_interaction.o
                0x0000000008001596                new_sd_card
 *fill*         0x00000000080015c6        0x2 
 .text.mount_sd_card
                0x00000000080015c8       0x64 ./Core/Src/sd_card_interaction.o
                0x00000000080015c8                mount_sd_card
 .text.show_files
                0x000000000800162c       0x74 ./Core/Src/sd_card_interaction.o
                0x000000000800162c                show_files
 .text.new_state_info
                0x00000000080016a0       0x54 ./Core/Src/state.o
                0x00000000080016a0                new_state_info
 .text.set_state
                0x00000000080016f4       0x22 ./Core/Src/state.o
                0x00000000080016f4                set_state
 *fill*         0x0000000008001716        0x2 
 .text.set_next_algo
                0x0000000008001718       0x3c ./Core/Src/state.o
                0x0000000008001718                set_next_algo
 .text.set_prev_algo
                0x0000000008001754       0x2c ./Core/Src/state.o
                0x0000000008001754                set_prev_algo
 .text.reduce_state_to_constant_output
                0x0000000008001780       0x22 ./Core/Src/state.o
                0x0000000008001780                reduce_state_to_constant_output
 *fill*         0x00000000080017a2        0x2 
 .text.reduce_state_change_to_action
                0x00000000080017a4       0x78 ./Core/Src/state.o
                0x00000000080017a4                reduce_state_change_to_action
 .text.write_enter_sum_message
                0x000000000800181c       0x4c ./Core/Src/state.o
                0x000000000800181c                write_enter_sum_message
 .text.write_algorithm_message
                0x0000000008001868       0x4c ./Core/Src/state.o
                0x0000000008001868                write_algorithm_message
 .text.write_algorithm_name
                0x00000000080018b4       0x44 ./Core/Src/state.o
                0x00000000080018b4                write_algorithm_name
 .text.write_execution_time
                0x00000000080018f8       0x12 ./Core/Src/state.o
                0x00000000080018f8                write_execution_time
 *fill*         0x000000000800190a        0x2 
 .text.HAL_MspInit
                0x000000000800190c       0x44 ./Core/Src/stm32f1xx_hal_msp.o
                0x000000000800190c                HAL_MspInit
 .text.HAL_CRC_MspInit
                0x0000000008001950       0x3c ./Core/Src/stm32f1xx_hal_msp.o
                0x0000000008001950                HAL_CRC_MspInit
 .text.HAL_SPI_MspInit
                0x000000000800198c       0xf4 ./Core/Src/stm32f1xx_hal_msp.o
                0x000000000800198c                HAL_SPI_MspInit
 .text.HAL_UART_MspInit
                0x0000000008001a80       0xa4 ./Core/Src/stm32f1xx_hal_msp.o
                0x0000000008001a80                HAL_UART_MspInit
 .text.SDTimer_Handler
                0x0000000008001b24       0x44 ./Core/Src/stm32f1xx_it.o
                0x0000000008001b24                SDTimer_Handler
 .text.NMI_Handler
                0x0000000008001b68        0x6 ./Core/Src/stm32f1xx_it.o
                0x0000000008001b68                NMI_Handler
 .text.HardFault_Handler
                0x0000000008001b6e        0x6 ./Core/Src/stm32f1xx_it.o
                0x0000000008001b6e                HardFault_Handler
 .text.MemManage_Handler
                0x0000000008001b74        0x6 ./Core/Src/stm32f1xx_it.o
                0x0000000008001b74                MemManage_Handler
 .text.BusFault_Handler
                0x0000000008001b7a        0x6 ./Core/Src/stm32f1xx_it.o
                0x0000000008001b7a                BusFault_Handler
 .text.UsageFault_Handler
                0x0000000008001b80        0x6 ./Core/Src/stm32f1xx_it.o
                0x0000000008001b80                UsageFault_Handler
 .text.SVC_Handler
                0x0000000008001b86        0xc ./Core/Src/stm32f1xx_it.o
                0x0000000008001b86                SVC_Handler
 .text.DebugMon_Handler
                0x0000000008001b92        0xc ./Core/Src/stm32f1xx_it.o
                0x0000000008001b92                DebugMon_Handler
 .text.PendSV_Handler
                0x0000000008001b9e        0xc ./Core/Src/stm32f1xx_it.o
                0x0000000008001b9e                PendSV_Handler
 *fill*         0x0000000008001baa        0x2 
 .text.SysTick_Handler
                0x0000000008001bac       0x34 ./Core/Src/stm32f1xx_it.o
                0x0000000008001bac                SysTick_Handler
 .text.EXTI9_5_IRQHandler
                0x0000000008001be0       0x1a ./Core/Src/stm32f1xx_it.o
                0x0000000008001be0                EXTI9_5_IRQHandler
 *fill*         0x0000000008001bfa        0x2 
 .text.USART2_IRQHandler
                0x0000000008001bfc       0x14 ./Core/Src/stm32f1xx_it.o
                0x0000000008001bfc                USART2_IRQHandler
 .text._sbrk    0x0000000008001c10       0x6c ./Core/Src/sysmem.o
                0x0000000008001c10                _sbrk
 .text.SystemInit
                0x0000000008001c7c        0xc ./Core/Src/system_stm32f1xx.o
                0x0000000008001c7c                SystemInit
 .text.format_buffer
                0x0000000008001c88       0xc0 ./Core/Src/utils.o
                0x0000000008001c88                format_buffer
 .text.clear_buffer
                0x0000000008001d48       0x1a ./Core/Src/utils.o
                0x0000000008001d48                clear_buffer
 *fill*         0x0000000008001d62        0x2 
 .text.Reset_Handler
                0x0000000008001d64       0x48 ./Core/Startup/startup_stm32f103c8tx.o
                0x0000000008001d64                Reset_Handler
 .text.Default_Handler
                0x0000000008001dac        0x2 ./Core/Startup/startup_stm32f103c8tx.o
                0x0000000008001dac                RTC_Alarm_IRQHandler
                0x0000000008001dac                EXTI2_IRQHandler
                0x0000000008001dac                TIM1_CC_IRQHandler
                0x0000000008001dac                PVD_IRQHandler
                0x0000000008001dac                EXTI3_IRQHandler
                0x0000000008001dac                EXTI0_IRQHandler
                0x0000000008001dac                I2C2_EV_IRQHandler
                0x0000000008001dac                ADC1_2_IRQHandler
                0x0000000008001dac                SPI1_IRQHandler
                0x0000000008001dac                TAMPER_IRQHandler
                0x0000000008001dac                DMA1_Channel4_IRQHandler
                0x0000000008001dac                USART3_IRQHandler
                0x0000000008001dac                RTC_IRQHandler
                0x0000000008001dac                DMA1_Channel7_IRQHandler
                0x0000000008001dac                CAN1_RX1_IRQHandler
                0x0000000008001dac                TIM4_IRQHandler
                0x0000000008001dac                I2C1_EV_IRQHandler
                0x0000000008001dac                DMA1_Channel6_IRQHandler
                0x0000000008001dac                TIM3_IRQHandler
                0x0000000008001dac                RCC_IRQHandler
                0x0000000008001dac                TIM1_TRG_COM_IRQHandler
                0x0000000008001dac                DMA1_Channel1_IRQHandler
                0x0000000008001dac                Default_Handler
                0x0000000008001dac                EXTI15_10_IRQHandler
                0x0000000008001dac                SPI2_IRQHandler
                0x0000000008001dac                DMA1_Channel5_IRQHandler
                0x0000000008001dac                EXTI4_IRQHandler
                0x0000000008001dac                USB_LP_CAN1_RX0_IRQHandler
                0x0000000008001dac                USB_HP_CAN1_TX_IRQHandler
                0x0000000008001dac                DMA1_Channel3_IRQHandler
                0x0000000008001dac                TIM1_UP_IRQHandler
                0x0000000008001dac                WWDG_IRQHandler
                0x0000000008001dac                TIM2_IRQHandler
                0x0000000008001dac                TIM1_BRK_IRQHandler
                0x0000000008001dac                EXTI1_IRQHandler
                0x0000000008001dac                I2C2_ER_IRQHandler
                0x0000000008001dac                DMA1_Channel2_IRQHandler
                0x0000000008001dac                CAN1_SCE_IRQHandler
                0x0000000008001dac                FLASH_IRQHandler
                0x0000000008001dac                USART1_IRQHandler
                0x0000000008001dac                I2C1_ER_IRQHandler
                0x0000000008001dac                USBWakeUp_IRQHandler
 *fill*         0x0000000008001dae        0x2 
 .text.HAL_Init
                0x0000000008001db0       0x2c ./Drivers/STM32F1xx_HAL_Driver/Src/stm32f1xx_hal.o
                0x0000000008001db0                HAL_Init
 .text.HAL_InitTick
                0x0000000008001ddc       0x60 ./Drivers/STM32F1xx_HAL_Driver/Src/stm32f1xx_hal.o
                0x0000000008001ddc                HAL_InitTick
 .text.HAL_IncTick
                0x0000000008001e3c       0x24 ./Drivers/STM32F1xx_HAL_Driver/Src/stm32f1xx_hal.o
                0x0000000008001e3c                HAL_IncTick
 .text.HAL_GetTick
                0x0000000008001e60       0x14 ./Drivers/STM32F1xx_HAL_Driver/Src/stm32f1xx_hal.o
                0x0000000008001e60                HAL_GetTick
 .text.HAL_Delay
                0x0000000008001e74       0x48 ./Drivers/STM32F1xx_HAL_Driver/Src/stm32f1xx_hal.o
                0x0000000008001e74                HAL_Delay
 .text.__NVIC_SetPriorityGrouping
                0x0000000008001ebc       0x48 ./Drivers/STM32F1xx_HAL_Driver/Src/stm32f1xx_hal_cortex.o
 .text.__NVIC_GetPriorityGrouping
                0x0000000008001f04       0x1c ./Drivers/STM32F1xx_HAL_Driver/Src/stm32f1xx_hal_cortex.o
 .text.__NVIC_EnableIRQ
                0x0000000008001f20       0x38 ./Drivers/STM32F1xx_HAL_Driver/Src/stm32f1xx_hal_cortex.o
 .text.__NVIC_SetPriority
                0x0000000008001f58       0x54 ./Drivers/STM32F1xx_HAL_Driver/Src/stm32f1xx_hal_cortex.o
 .text.NVIC_EncodePriority
                0x0000000008001fac       0x64 ./Drivers/STM32F1xx_HAL_Driver/Src/stm32f1xx_hal_cortex.o
 .text.SysTick_Config
                0x0000000008002010       0x44 ./Drivers/STM32F1xx_HAL_Driver/Src/stm32f1xx_hal_cortex.o
 .text.HAL_NVIC_SetPriorityGrouping
                0x0000000008002054       0x16 ./Drivers/STM32F1xx_HAL_Driver/Src/stm32f1xx_hal_cortex.o
                0x0000000008002054                HAL_NVIC_SetPriorityGrouping
 .text.HAL_NVIC_SetPriority
                0x000000000800206a       0x38 ./Drivers/STM32F1xx_HAL_Driver/Src/stm32f1xx_hal_cortex.o
                0x000000000800206a                HAL_NVIC_SetPriority
 .text.HAL_NVIC_EnableIRQ
                0x00000000080020a2       0x1c ./Drivers/STM32F1xx_HAL_Driver/Src/stm32f1xx_hal_cortex.o
                0x00000000080020a2                HAL_NVIC_EnableIRQ
 .text.HAL_SYSTICK_Config
                0x00000000080020be       0x18 ./Drivers/STM32F1xx_HAL_Driver/Src/stm32f1xx_hal_cortex.o
                0x00000000080020be                HAL_SYSTICK_Config
 .text.HAL_CRC_Init
                0x00000000080020d6       0x38 ./Drivers/STM32F1xx_HAL_Driver/Src/stm32f1xx_hal_crc.o
                0x00000000080020d6                HAL_CRC_Init
 .text.HAL_CRC_Calculate
                0x000000000800210e       0x64 ./Drivers/STM32F1xx_HAL_Driver/Src/stm32f1xx_hal_crc.o
                0x000000000800210e                HAL_CRC_Calculate
 .text.HAL_DMA_Abort
                0x0000000008002172       0x76 ./Drivers/STM32F1xx_HAL_Driver/Src/stm32f1xx_hal_dma.o
                0x0000000008002172                HAL_DMA_Abort
 .text.HAL_DMA_Abort_IT
                0x00000000080021e8       0xf0 ./Drivers/STM32F1xx_HAL_Driver/Src/stm32f1xx_hal_dma.o
                0x00000000080021e8                HAL_DMA_Abort_IT
 .text.HAL_DMA_GetError
                0x00000000080022d8       0x16 ./Drivers/STM32F1xx_HAL_Driver/Src/stm32f1xx_hal_dma.o
                0x00000000080022d8                HAL_DMA_GetError
 *fill*         0x00000000080022ee        0x2 
 .text.HAL_GPIO_Init
                0x00000000080022f0      0x308 ./Drivers/STM32F1xx_HAL_Driver/Src/stm32f1xx_hal_gpio.o
                0x00000000080022f0                HAL_GPIO_Init
 .text.HAL_GPIO_WritePin
                0x00000000080025f8       0x30 ./Drivers/STM32F1xx_HAL_Driver/Src/stm32f1xx_hal_gpio.o
                0x00000000080025f8                HAL_GPIO_WritePin
 .text.HAL_GPIO_EXTI_IRQHandler
                0x0000000008002628       0x30 ./Drivers/STM32F1xx_HAL_Driver/Src/stm32f1xx_hal_gpio.o
                0x0000000008002628                HAL_GPIO_EXTI_IRQHandler
 .text.HAL_RCC_OscConfig
                0x0000000008002658      0x504 ./Drivers/STM32F1xx_HAL_Driver/Src/stm32f1xx_hal_rcc.o
                0x0000000008002658                HAL_RCC_OscConfig
 .text.HAL_RCC_ClockConfig
                0x0000000008002b5c      0x1d4 ./Drivers/STM32F1xx_HAL_Driver/Src/stm32f1xx_hal_rcc.o
                0x0000000008002b5c                HAL_RCC_ClockConfig
 .text.HAL_RCC_GetSysClockFreq
                0x0000000008002d30       0xa8 ./Drivers/STM32F1xx_HAL_Driver/Src/stm32f1xx_hal_rcc.o
                0x0000000008002d30                HAL_RCC_GetSysClockFreq
 .text.HAL_RCC_GetHCLKFreq
                0x0000000008002dd8       0x14 ./Drivers/STM32F1xx_HAL_Driver/Src/stm32f1xx_hal_rcc.o
                0x0000000008002dd8                HAL_RCC_GetHCLKFreq
 .text.HAL_RCC_GetPCLK1Freq
                0x0000000008002dec       0x28 ./Drivers/STM32F1xx_HAL_Driver/Src/stm32f1xx_hal_rcc.o
                0x0000000008002dec                HAL_RCC_GetPCLK1Freq
 .text.HAL_RCC_GetPCLK2Freq
                0x0000000008002e14       0x28 ./Drivers/STM32F1xx_HAL_Driver/Src/stm32f1xx_hal_rcc.o
                0x0000000008002e14                HAL_RCC_GetPCLK2Freq
 .text.RCC_Delay
                0x0000000008002e3c       0x3c ./Drivers/STM32F1xx_HAL_Driver/Src/stm32f1xx_hal_rcc.o
 .text.HAL_SPI_Init
                0x0000000008002e78      0x108 ./Drivers/STM32F1xx_HAL_Driver/Src/stm32f1xx_hal_spi.o
                0x0000000008002e78                HAL_SPI_Init
 .text.HAL_SPI_Transmit
                0x0000000008002f80      0x286 ./Drivers/STM32F1xx_HAL_Driver/Src/stm32f1xx_hal_spi.o
                0x0000000008002f80                HAL_SPI_Transmit
 .text.HAL_SPI_TransmitReceive
                0x0000000008003206      0x360 ./Drivers/STM32F1xx_HAL_Driver/Src/stm32f1xx_hal_spi.o
                0x0000000008003206                HAL_SPI_TransmitReceive
 *fill*         0x0000000008003566        0x2 
 .text.SPI_WaitFlagStateUntilTimeout
                0x0000000008003568      0x110 ./Drivers/STM32F1xx_HAL_Driver/Src/stm32f1xx_hal_spi.o
 .text.SPI_EndRxTxTransaction
                0x0000000008003678       0x3c ./Drivers/STM32F1xx_HAL_Driver/Src/stm32f1xx_hal_spi.o
 .text.HAL_UART_Init
                0x00000000080036b4       0xa0 ./Drivers/STM32F1xx_HAL_Driver/Src/stm32f1xx_hal_uart.o
                0x00000000080036b4                HAL_UART_Init
 .text.HAL_UART_Transmit_IT
                0x0000000008003754       0x6a ./Drivers/STM32F1xx_HAL_Driver/Src/stm32f1xx_hal_uart.o
                0x0000000008003754                HAL_UART_Transmit_IT
 .text.HAL_UART_Receive_IT
                0x00000000080037be       0x4a ./Drivers/STM32F1xx_HAL_Driver/Src/stm32f1xx_hal_uart.o
                0x00000000080037be                HAL_UART_Receive_IT
 .text.HAL_UART_AbortReceive
                0x0000000008003808      0x146 ./Drivers/STM32F1xx_HAL_Driver/Src/stm32f1xx_hal_uart.o
                0x0000000008003808                HAL_UART_AbortReceive
 *fill*         0x000000000800394e        0x2 
 .text.HAL_UART_IRQHandler
                0x0000000008003950      0x524 ./Drivers/STM32F1xx_HAL_Driver/Src/stm32f1xx_hal_uart.o
                0x0000000008003950                HAL_UART_IRQHandler
 .text.HAL_UART_TxCpltCallback
                0x0000000008003e74       0x12 ./Drivers/STM32F1xx_HAL_Driver/Src/stm32f1xx_hal_uart.o
                0x0000000008003e74                HAL_UART_TxCpltCallback
 .text.HAL_UART_ErrorCallback
                0x0000000008003e86       0x12 ./Drivers/STM32F1xx_HAL_Driver/Src/stm32f1xx_hal_uart.o
                0x0000000008003e86                HAL_UART_ErrorCallback
 .text.HAL_UARTEx_RxEventCallback
                0x0000000008003e98       0x16 ./Drivers/STM32F1xx_HAL_Driver/Src/stm32f1xx_hal_uart.o
                0x0000000008003e98                HAL_UARTEx_RxEventCallback
 .text.UART_Start_Receive_IT
                0x0000000008003eae       0x72 ./Drivers/STM32F1xx_HAL_Driver/Src/stm32f1xx_hal_uart.o
                0x0000000008003eae                UART_Start_Receive_IT
 .text.UART_EndRxTransfer
                0x0000000008003f20       0xc4 ./Drivers/STM32F1xx_HAL_Driver/Src/stm32f1xx_hal_uart.o
 .text.UART_DMAAbortOnError
                0x0000000008003fe4       0x28 ./Drivers/STM32F1xx_HAL_Driver/Src/stm32f1xx_hal_uart.o
 .text.UART_Transmit_IT
                0x000000000800400c       0x9e ./Drivers/STM32F1xx_HAL_Driver/Src/stm32f1xx_hal_uart.o
 .text.UART_EndTransmit_IT
                0x00000000080040aa       0x30 ./Drivers/STM32F1xx_HAL_Driver/Src/stm32f1xx_hal_uart.o
 .text.UART_Receive_IT
                0x00000000080040da      0x17c ./Drivers/STM32F1xx_HAL_Driver/Src/stm32f1xx_hal_uart.o
 *fill*         0x0000000008004256        0x2 
 .text.UART_SetConfig
                0x0000000008004258      0x11c ./Drivers/STM32F1xx_HAL_Driver/Src/stm32f1xx_hal_uart.o
 .text.MX_FATFS_Init
                0x0000000008004374       0x24 ./FATFS/App/fatfs.o
                0x0000000008004374                MX_FATFS_Init
 .text.USER_initialize
                0x0000000008004398       0x1e ./FATFS/Target/user_diskio.o
                0x0000000008004398                USER_initialize
 .text.USER_status
                0x00000000080043b6       0x1e ./FATFS/Target/user_diskio.o
                0x00000000080043b6                USER_status
 .text.USER_read
                0x00000000080043d4       0x28 ./FATFS/Target/user_diskio.o
                0x00000000080043d4                USER_read
 .text.USER_write
                0x00000000080043fc       0x28 ./FATFS/Target/user_diskio.o
                0x00000000080043fc                USER_write
 .text.USER_ioctl
                0x0000000008004424       0x28 ./FATFS/Target/user_diskio.o
                0x0000000008004424                USER_ioctl
 .text.disk_status
                0x000000000800444c       0x34 ./Middlewares/Third_Party/FatFs/src/diskio.o
                0x000000000800444c                disk_status
 .text.disk_initialize
                0x0000000008004480       0x4c ./Middlewares/Third_Party/FatFs/src/diskio.o
                0x0000000008004480                disk_initialize
 .text.disk_read
                0x00000000080044cc       0x40 ./Middlewares/Third_Party/FatFs/src/diskio.o
                0x00000000080044cc                disk_read
 .text.disk_write
                0x000000000800450c       0x40 ./Middlewares/Third_Party/FatFs/src/diskio.o
                0x000000000800450c                disk_write
 .text.disk_ioctl
                0x000000000800454c       0x3c ./Middlewares/Third_Party/FatFs/src/diskio.o
                0x000000000800454c                disk_ioctl
 .text.mem_set  0x0000000008004588       0x34 ./Middlewares/Third_Party/FatFs/src/ff.o
 .text.mem_cmp  0x00000000080045bc       0x4c ./Middlewares/Third_Party/FatFs/src/ff.o
 .text.chk_chr  0x0000000008004608       0x34 ./Middlewares/Third_Party/FatFs/src/ff.o
 .text.inc_lock
                0x000000000800463c      0x178 ./Middlewares/Third_Party/FatFs/src/ff.o
 .text.clear_lock
                0x00000000080047b4       0x54 ./Middlewares/Third_Party/FatFs/src/ff.o
 .text.sync_window
                0x0000000008004808       0xa4 ./Middlewares/Third_Party/FatFs/src/ff.o
 .text.move_window
                0x00000000080048ac       0x64 ./Middlewares/Third_Party/FatFs/src/ff.o
 .text.clust2sect
                0x0000000008004910       0x48 ./Middlewares/Third_Party/FatFs/src/ff.o
                0x0000000008004910                clust2sect
 .text.get_fat  0x0000000008004958      0x1f8 ./Middlewares/Third_Party/FatFs/src/ff.o
                0x0000000008004958                get_fat
 .text.put_fat  0x0000000008004b50      0x2a6 ./Middlewares/Third_Party/FatFs/src/ff.o
                0x0000000008004b50                put_fat
 .text.create_chain
                0x0000000008004df6      0x150 ./Middlewares/Third_Party/FatFs/src/ff.o
 .text.dir_sdi  0x0000000008004f46      0x19c ./Middlewares/Third_Party/FatFs/src/ff.o
 .text.dir_next
                0x00000000080050e2      0x294 ./Middlewares/Third_Party/FatFs/src/ff.o
 .text.ld_clust
                0x0000000008005376       0x5c ./Middlewares/Third_Party/FatFs/src/ff.o
 .text.dir_find
                0x00000000080053d2       0xa6 ./Middlewares/Third_Party/FatFs/src/ff.o
 .text.dir_read
                0x0000000008005478       0xc4 ./Middlewares/Third_Party/FatFs/src/ff.o
 .text.get_fileinfo
                0x000000000800553c       0xe4 ./Middlewares/Third_Party/FatFs/src/ff.o
 .text.create_name
                0x0000000008005620      0x1f0 ./Middlewares/Third_Party/FatFs/src/ff.o
 .text.follow_path
                0x0000000008005810      0x13a ./Middlewares/Third_Party/FatFs/src/ff.o
 .text.get_ldnumber
                0x000000000800594a       0x86 ./Middlewares/Third_Party/FatFs/src/ff.o
 .text.check_fs
                0x00000000080059d0       0xdc ./Middlewares/Third_Party/FatFs/src/ff.o
 .text.find_volume
                0x0000000008005aac      0x670 ./Middlewares/Third_Party/FatFs/src/ff.o
 .text.validate
                0x000000000800611c       0x76 ./Middlewares/Third_Party/FatFs/src/ff.o
 *fill*         0x0000000008006192        0x2 
 .text.f_mount  0x0000000008006194       0x94 ./Middlewares/Third_Party/FatFs/src/ff.o
                0x0000000008006194                f_mount
 .text.f_opendir
                0x0000000008006228      0x124 ./Middlewares/Third_Party/FatFs/src/ff.o
                0x0000000008006228                f_opendir
 .text.f_readdir
                0x000000000800634c       0x98 ./Middlewares/Third_Party/FatFs/src/ff.o
                0x000000000800634c                f_readdir
 .text.FATFS_LinkDriverEx
                0x00000000080063e4       0x94 ./Middlewares/Third_Party/FatFs/src/ff_gen_drv.o
                0x00000000080063e4                FATFS_LinkDriverEx
 .text.FATFS_LinkDriver
                0x0000000008006478       0x1e ./Middlewares/Third_Party/FatFs/src/ff_gen_drv.o
                0x0000000008006478                FATFS_LinkDriver
 *fill*         0x0000000008006496        0x2 
 .text.calloc   0x0000000008006498       0x10 D:/STM32CubeIDE_1.13.2/STM32CubeIDE/plugins/com.st.stm32cube.ide.mcu.externaltools.gnu-tools-for-stm32.11.3.rel1.win32_1.1.1.202309131626/tools/bin/../lib/gcc/arm-none-eabi/11.3.1/../../../../arm-none-eabi/lib/thumb/v7-m/nofp\libc_nano.a(libc_a-calloc.o)
                0x0000000008006498                calloc
 .text._calloc_r
                0x00000000080064a8       0x28 D:/STM32CubeIDE_1.13.2/STM32CubeIDE/plugins/com.st.stm32cube.ide.mcu.externaltools.gnu-tools-for-stm32.11.3.rel1.win32_1.1.1.202309131626/tools/bin/../lib/gcc/arm-none-eabi/11.3.1/../../../../arm-none-eabi/lib/thumb/v7-m/nofp\libc_nano.a(libc_a-callocr.o)
                0x00000000080064a8                _calloc_r
 .text.sbrk_aligned
                0x00000000080064d0       0x40 D:/STM32CubeIDE_1.13.2/STM32CubeIDE/plugins/com.st.stm32cube.ide.mcu.externaltools.gnu-tools-for-stm32.11.3.rel1.win32_1.1.1.202309131626/tools/bin/../lib/gcc/arm-none-eabi/11.3.1/../../../../arm-none-eabi/lib/thumb/v7-m/nofp\libc_nano.a(libc_a-mallocr.o)
 .text._malloc_r
                0x0000000008006510      0x100 D:/STM32CubeIDE_1.13.2/STM32CubeIDE/plugins/com.st.stm32cube.ide.mcu.externaltools.gnu-tools-for-stm32.11.3.rel1.win32_1.1.1.202309131626/tools/bin/../lib/gcc/arm-none-eabi/11.3.1/../../../../arm-none-eabi/lib/thumb/v7-m/nofp\libc_nano.a(libc_a-mallocr.o)
                0x0000000008006510                _malloc_r
 .text.__malloc_lock
                0x0000000008006610        0xc D:/STM32CubeIDE_1.13.2/STM32CubeIDE/plugins/com.st.stm32cube.ide.mcu.externaltools.gnu-tools-for-stm32.11.3.rel1.win32_1.1.1.202309131626/tools/bin/../lib/gcc/arm-none-eabi/11.3.1/../../../../arm-none-eabi/lib/thumb/v7-m/nofp\libc_nano.a(libc_a-mlock.o)
                0x0000000008006610                __malloc_lock
 .text.__malloc_unlock
                0x000000000800661c        0xc D:/STM32CubeIDE_1.13.2/STM32CubeIDE/plugins/com.st.stm32cube.ide.mcu.externaltools.gnu-tools-for-stm32.11.3.rel1.win32_1.1.1.202309131626/tools/bin/../lib/gcc/arm-none-eabi/11.3.1/../../../../arm-none-eabi/lib/thumb/v7-m/nofp\libc_nano.a(libc_a-mlock.o)
                0x000000000800661c                __malloc_unlock
 .text.sprintf  0x0000000008006628       0x40 D:/STM32CubeIDE_1.13.2/STM32CubeIDE/plugins/com.st.stm32cube.ide.mcu.externaltools.gnu-tools-for-stm32.11.3.rel1.win32_1.1.1.202309131626/tools/bin/../lib/gcc/arm-none-eabi/11.3.1/../../../../arm-none-eabi/lib/thumb/v7-m/nofp\libc_nano.a(libc_a-sprintf.o)
                0x0000000008006628                siprintf
                0x0000000008006628                sprintf
 .text.memset   0x0000000008006668       0x10 D:/STM32CubeIDE_1.13.2/STM32CubeIDE/plugins/com.st.stm32cube.ide.mcu.externaltools.gnu-tools-for-stm32.11.3.rel1.win32_1.1.1.202309131626/tools/bin/../lib/gcc/arm-none-eabi/11.3.1/../../../../arm-none-eabi/lib/thumb/v7-m/nofp\libc_nano.a(libc_a-memset.o)
                0x0000000008006668                memset
 .text._sbrk_r  0x0000000008006678       0x20 D:/STM32CubeIDE_1.13.2/STM32CubeIDE/plugins/com.st.stm32cube.ide.mcu.externaltools.gnu-tools-for-stm32.11.3.rel1.win32_1.1.1.202309131626/tools/bin/../lib/gcc/arm-none-eabi/11.3.1/../../../../arm-none-eabi/lib/thumb/v7-m/nofp\libc_nano.a(libc_a-sbrkr.o)
                0x0000000008006678                _sbrk_r
 .text.__errno  0x0000000008006698        0xc D:/STM32CubeIDE_1.13.2/STM32CubeIDE/plugins/com.st.stm32cube.ide.mcu.externaltools.gnu-tools-for-stm32.11.3.rel1.win32_1.1.1.202309131626/tools/bin/../lib/gcc/arm-none-eabi/11.3.1/../../../../arm-none-eabi/lib/thumb/v7-m/nofp\libc_nano.a(libc_a-errno.o)
                0x0000000008006698                __errno
 .text.__libc_init_array
                0x00000000080066a4       0x48 D:/STM32CubeIDE_1.13.2/STM32CubeIDE/plugins/com.st.stm32cube.ide.mcu.externaltools.gnu-tools-for-stm32.11.3.rel1.win32_1.1.1.202309131626/tools/bin/../lib/gcc/arm-none-eabi/11.3.1/../../../../arm-none-eabi/lib/thumb/v7-m/nofp\libc_nano.a(libc_a-init.o)
                0x00000000080066a4                __libc_init_array
 .text.__retarget_lock_acquire_recursive
                0x00000000080066ec        0x2 D:/STM32CubeIDE_1.13.2/STM32CubeIDE/plugins/com.st.stm32cube.ide.mcu.externaltools.gnu-tools-for-stm32.11.3.rel1.win32_1.1.1.202309131626/tools/bin/../lib/gcc/arm-none-eabi/11.3.1/../../../../arm-none-eabi/lib/thumb/v7-m/nofp\libc_nano.a(libc_a-lock.o)
                0x00000000080066ec                __retarget_lock_acquire_recursive
 .text.__retarget_lock_release_recursive
                0x00000000080066ee        0x2 D:/STM32CubeIDE_1.13.2/STM32CubeIDE/plugins/com.st.stm32cube.ide.mcu.externaltools.gnu-tools-for-stm32.11.3.rel1.win32_1.1.1.202309131626/tools/bin/../lib/gcc/arm-none-eabi/11.3.1/../../../../arm-none-eabi/lib/thumb/v7-m/nofp\libc_nano.a(libc_a-lock.o)
                0x00000000080066ee                __retarget_lock_release_recursive
 .text.strcpy   0x00000000080066f0       0x10 D:/STM32CubeIDE_1.13.2/STM32CubeIDE/plugins/com.st.stm32cube.ide.mcu.externaltools.gnu-tools-for-stm32.11.3.rel1.win32_1.1.1.202309131626/tools/bin/../lib/gcc/arm-none-eabi/11.3.1/../../../../arm-none-eabi/lib/thumb/v7-m/nofp\libc_nano.a(libc_a-strcpy.o)
                0x00000000080066f0                strcpy
 .text._free_r  0x0000000008006700       0x90 D:/STM32CubeIDE_1.13.2/STM32CubeIDE/plugins/com.st.stm32cube.ide.mcu.externaltools.gnu-tools-for-stm32.11.3.rel1.win32_1.1.1.202309131626/tools/bin/../lib/gcc/arm-none-eabi/11.3.1/../../../../arm-none-eabi/lib/thumb/v7-m/nofp\libc_nano.a(libc_a-freer.o)
                0x0000000008006700                _free_r
 .text.__ssputs_r
                0x0000000008006790       0xb4 D:/STM32CubeIDE_1.13.2/STM32CubeIDE/plugins/com.st.stm32cube.ide.mcu.externaltools.gnu-tools-for-stm32.11.3.rel1.win32_1.1.1.202309131626/tools/bin/../lib/gcc/arm-none-eabi/11.3.1/../../../../arm-none-eabi/lib/thumb/v7-m/nofp\libc_nano.a(libc_a-nano-svfprintf.o)
                0x0000000008006790                __ssputs_r
 .text._svfprintf_r
                0x0000000008006844      0x1fc D:/STM32CubeIDE_1.13.2/STM32CubeIDE/plugins/com.st.stm32cube.ide.mcu.externaltools.gnu-tools-for-stm32.11.3.rel1.win32_1.1.1.202309131626/tools/bin/../lib/gcc/arm-none-eabi/11.3.1/../../../../arm-none-eabi/lib/thumb/v7-m/nofp\libc_nano.a(libc_a-nano-svfprintf.o)
                0x0000000008006844                _svfiprintf_r
                0x0000000008006844                _svfprintf_r
 .text._printf_common
                0x0000000008006a40       0xe4 D:/STM32CubeIDE_1.13.2/STM32CubeIDE/plugins/com.st.stm32cube.ide.mcu.externaltools.gnu-tools-for-stm32.11.3.rel1.win32_1.1.1.202309131626/tools/bin/../lib/gcc/arm-none-eabi/11.3.1/../../../../arm-none-eabi/lib/thumb/v7-m/nofp\libc_nano.a(libc_a-nano-vfprintf_i.o)
                0x0000000008006a40                _printf_common
 .text._printf_i
                0x0000000008006b24      0x244 D:/STM32CubeIDE_1.13.2/STM32CubeIDE/plugins/com.st.stm32cube.ide.mcu.externaltools.gnu-tools-for-stm32.11.3.rel1.win32_1.1.1.202309131626/tools/bin/../lib/gcc/arm-none-eabi/11.3.1/../../../../arm-none-eabi/lib/thumb/v7-m/nofp\libc_nano.a(libc_a-nano-vfprintf_i.o)
                0x0000000008006b24                _printf_i
 .text.memmove  0x0000000008006d68       0x34 D:/STM32CubeIDE_1.13.2/STM32CubeIDE/plugins/com.st.stm32cube.ide.mcu.externaltools.gnu-tools-for-stm32.11.3.rel1.win32_1.1.1.202309131626/tools/bin/../lib/gcc/arm-none-eabi/11.3.1/../../../../arm-none-eabi/lib/thumb/v7-m/nofp\libc_nano.a(libc_a-memmove.o)
                0x0000000008006d68                memmove
 .text.memchr   0x0000000008006d9c       0x1c D:/STM32CubeIDE_1.13.2/STM32CubeIDE/plugins/com.st.stm32cube.ide.mcu.externaltools.gnu-tools-for-stm32.11.3.rel1.win32_1.1.1.202309131626/tools/bin/../lib/gcc/arm-none-eabi/11.3.1/../../../../arm-none-eabi/lib/thumb/v7-m/nofp\libc_nano.a(libc_a-memchr-stub.o)
                0x0000000008006d9c                memchr
 .text.memcpy   0x0000000008006db8       0x1c D:/STM32CubeIDE_1.13.2/STM32CubeIDE/plugins/com.st.stm32cube.ide.mcu.externaltools.gnu-tools-for-stm32.11.3.rel1.win32_1.1.1.202309131626/tools/bin/../lib/gcc/arm-none-eabi/11.3.1/../../../../arm-none-eabi/lib/thumb/v7-m/nofp\libc_nano.a(libc_a-memcpy-stub.o)
                0x0000000008006db8                memcpy
 .text._realloc_r
                0x0000000008006dd4       0x5e D:/STM32CubeIDE_1.13.2/STM32CubeIDE/plugins/com.st.stm32cube.ide.mcu.externaltools.gnu-tools-for-stm32.11.3.rel1.win32_1.1.1.202309131626/tools/bin/../lib/gcc/arm-none-eabi/11.3.1/../../../../arm-none-eabi/lib/thumb/v7-m/nofp\libc_nano.a(libc_a-reallocr.o)
                0x0000000008006dd4                _realloc_r
 .text._malloc_usable_size_r
                0x0000000008006e32       0x10 D:/STM32CubeIDE_1.13.2/STM32CubeIDE/plugins/com.st.stm32cube.ide.mcu.externaltools.gnu-tools-for-stm32.11.3.rel1.win32_1.1.1.202309131626/tools/bin/../lib/gcc/arm-none-eabi/11.3.1/../../../../arm-none-eabi/lib/thumb/v7-m/nofp\libc_nano.a(libc_a-msizer.o)
                0x0000000008006e32                _malloc_usable_size_r
 *(.glue_7)
 .glue_7        0x0000000008006e42        0x0 linker stubs
 *(.glue_7t)
 .glue_7t       0x0000000008006e42        0x0 linker stubs
 *(.eh_frame)
 *fill*         0x0000000008006e42        0x2 
 .eh_frame      0x0000000008006e44        0x0 D:/STM32CubeIDE_1.13.2/STM32CubeIDE/plugins/com.st.stm32cube.ide.mcu.externaltools.gnu-tools-for-stm32.11.3.rel1.win32_1.1.1.202309131626/tools/bin/../lib/gcc/arm-none-eabi/11.3.1/thumb/v7-m/nofp/crtbegin.o
 *(.init)
 .init          0x0000000008006e44        0x4 D:/STM32CubeIDE_1.13.2/STM32CubeIDE/plugins/com.st.stm32cube.ide.mcu.externaltools.gnu-tools-for-stm32.11.3.rel1.win32_1.1.1.202309131626/tools/bin/../lib/gcc/arm-none-eabi/11.3.1/thumb/v7-m/nofp/crti.o
                0x0000000008006e44                _init
 .init          0x0000000008006e48        0x8 D:/STM32CubeIDE_1.13.2/STM32CubeIDE/plugins/com.st.stm32cube.ide.mcu.externaltools.gnu-tools-for-stm32.11.3.rel1.win32_1.1.1.202309131626/tools/bin/../lib/gcc/arm-none-eabi/11.3.1/thumb/v7-m/nofp/crtn.o
 *(.fini)
 .fini          0x0000000008006e50        0x4 D:/STM32CubeIDE_1.13.2/STM32CubeIDE/plugins/com.st.stm32cube.ide.mcu.externaltools.gnu-tools-for-stm32.11.3.rel1.win32_1.1.1.202309131626/tools/bin/../lib/gcc/arm-none-eabi/11.3.1/thumb/v7-m/nofp/crti.o
                0x0000000008006e50                _fini
 .fini          0x0000000008006e54        0x8 D:/STM32CubeIDE_1.13.2/STM32CubeIDE/plugins/com.st.stm32cube.ide.mcu.externaltools.gnu-tools-for-stm32.11.3.rel1.win32_1.1.1.202309131626/tools/bin/../lib/gcc/arm-none-eabi/11.3.1/thumb/v7-m/nofp/crtn.o
                0x0000000008006e5c                . = ALIGN (0x4)
                0x0000000008006e5c                _etext = .

.vfp11_veneer   0x0000000008006e5c        0x0
 .vfp11_veneer  0x0000000008006e5c        0x0 linker stubs

.v4_bx          0x0000000008006e5c        0x0
 .v4_bx         0x0000000008006e5c        0x0 linker stubs

.iplt           0x0000000008006e5c        0x0
 .iplt          0x0000000008006e5c        0x0 D:/STM32CubeIDE_1.13.2/STM32CubeIDE/plugins/com.st.stm32cube.ide.mcu.externaltools.gnu-tools-for-stm32.11.3.rel1.win32_1.1.1.202309131626/tools/bin/../lib/gcc/arm-none-eabi/11.3.1/thumb/v7-m/nofp/crtbegin.o

.rodata         0x0000000008006e5c      0xfe0
                0x0000000008006e5c                . = ALIGN (0x4)
 *(.rodata)
 .rodata        0x0000000008006e5c       0x62 ./Core/Src/main.o
 *fill*         0x0000000008006ebe        0x2 
 .rodata        0x0000000008006ec0       0x4e ./Core/Src/sd_card_interaction.o
 *fill*         0x0000000008006f0e        0x2 
 .rodata        0x0000000008006f10       0x5f ./Core/Src/state.o
 *fill*         0x0000000008006f6f        0x1 
 .rodata        0x0000000008006f70       0x54 ./Middlewares/Third_Party/FatFs/src/ff.o
 *(.rodata*)
 .rodata.init_cmds1
                0x0000000008006fc4       0x3b ./Core/Src/ST7735.o
 *fill*         0x0000000008006fff        0x1 
 .rodata.Font11x18
                0x0000000008007000      0xd5c ./Core/Src/fonts.o
 .rodata.AHBPrescTable
                0x0000000008007d5c       0x10 ./Core/Src/system_stm32f1xx.o
                0x0000000008007d5c                AHBPrescTable
 .rodata.APBPrescTable
                0x0000000008007d6c        0x8 ./Core/Src/system_stm32f1xx.o
                0x0000000008007d6c                APBPrescTable
 .rodata.aPLLMULFactorTable.1
                0x0000000008007d74       0x10 ./Drivers/STM32F1xx_HAL_Driver/Src/stm32f1xx_hal_rcc.o
 .rodata.aPredivFactorTable.0
                0x0000000008007d84        0x2 ./Drivers/STM32F1xx_HAL_Driver/Src/stm32f1xx_hal_rcc.o
 *fill*         0x0000000008007d86        0x2 
 .rodata.ExCvt  0x0000000008007d88       0x80 ./Middlewares/Third_Party/FatFs/src/ff.o
 .rodata._svfprintf_r.str1.1
                0x0000000008007e08       0x11 D:/STM32CubeIDE_1.13.2/STM32CubeIDE/plugins/com.st.stm32cube.ide.mcu.externaltools.gnu-tools-for-stm32.11.3.rel1.win32_1.1.1.202309131626/tools/bin/../lib/gcc/arm-none-eabi/11.3.1/../../../../arm-none-eabi/lib/thumb/v7-m/nofp\libc_nano.a(libc_a-nano-svfprintf.o)
 .rodata._printf_i.str1.1
                0x0000000008007e19       0x22 D:/STM32CubeIDE_1.13.2/STM32CubeIDE/plugins/com.st.stm32cube.ide.mcu.externaltools.gnu-tools-for-stm32.11.3.rel1.win32_1.1.1.202309131626/tools/bin/../lib/gcc/arm-none-eabi/11.3.1/../../../../arm-none-eabi/lib/thumb/v7-m/nofp\libc_nano.a(libc_a-nano-vfprintf_i.o)
                0x0000000008007e3c                . = ALIGN (0x4)
 *fill*         0x0000000008007e3b        0x1 

.rel.dyn        0x0000000008007e3c        0x0
 .rel.iplt      0x0000000008007e3c        0x0 D:/STM32CubeIDE_1.13.2/STM32CubeIDE/plugins/com.st.stm32cube.ide.mcu.externaltools.gnu-tools-for-stm32.11.3.rel1.win32_1.1.1.202309131626/tools/bin/../lib/gcc/arm-none-eabi/11.3.1/thumb/v7-m/nofp/crtbegin.o

.ARM.extab      0x0000000008007e3c        0x0
                0x0000000008007e3c                . = ALIGN (0x4)
 *(.ARM.extab* .gnu.linkonce.armextab.*)
                0x0000000008007e3c                . = ALIGN (0x4)

.ARM            0x0000000008007e3c        0x0
                0x0000000008007e3c                . = ALIGN (0x4)
                0x0000000008007e3c                __exidx_start = .
 *(.ARM.exidx*)
                0x0000000008007e3c                __exidx_end = .
                0x0000000008007e3c                . = ALIGN (0x4)

.preinit_array  0x0000000008007e3c        0x0
                0x0000000008007e3c                . = ALIGN (0x4)
                0x0000000008007e3c                PROVIDE (__preinit_array_start = .)
 *(.preinit_array*)
                0x0000000008007e3c                PROVIDE (__preinit_array_end = .)
                0x0000000008007e3c                . = ALIGN (0x4)

.init_array     0x0000000008007e3c        0x4
                0x0000000008007e3c                . = ALIGN (0x4)
                0x0000000008007e3c                PROVIDE (__init_array_start = .)
 *(SORT_BY_NAME(.init_array.*))
 *(.init_array*)
 .init_array    0x0000000008007e3c        0x4 D:/STM32CubeIDE_1.13.2/STM32CubeIDE/plugins/com.st.stm32cube.ide.mcu.externaltools.gnu-tools-for-stm32.11.3.rel1.win32_1.1.1.202309131626/tools/bin/../lib/gcc/arm-none-eabi/11.3.1/thumb/v7-m/nofp/crtbegin.o
                0x0000000008007e40                PROVIDE (__init_array_end = .)
                0x0000000008007e40                . = ALIGN (0x4)

.fini_array     0x0000000008007e40        0x4
                0x0000000008007e40                . = ALIGN (0x4)
                [!provide]                        PROVIDE (__fini_array_start = .)
 *(SORT_BY_NAME(.fini_array.*))
 *(.fini_array*)
 .fini_array    0x0000000008007e40        0x4 D:/STM32CubeIDE_1.13.2/STM32CubeIDE/plugins/com.st.stm32cube.ide.mcu.externaltools.gnu-tools-for-stm32.11.3.rel1.win32_1.1.1.202309131626/tools/bin/../lib/gcc/arm-none-eabi/11.3.1/thumb/v7-m/nofp/crtbegin.o
                [!provide]                        PROVIDE (__fini_array_end = .)
                0x0000000008007e44                . = ALIGN (0x4)
                0x0000000008007e44                _sidata = LOADADDR (.data)

.data           0x0000000020000000       0x8c load address 0x0000000008007e44
                0x0000000020000000                . = ALIGN (0x4)
                0x0000000020000000                _sdata = .
 *(.data)
 *(.data*)
 .data._height  0x0000000020000000        0x2 ./Core/Src/ST7735.o
 .data._width   0x0000000020000002        0x2 ./Core/Src/ST7735.o
 .data._xstart  0x0000000020000004        0x1 ./Core/Src/ST7735.o
 .data._ystart  0x0000000020000005        0x1 ./Core/Src/ST7735.o
 .data.Stat     0x0000000020000006        0x1 ./Core/Src/fatfs_sd.o
 *fill*         0x0000000020000007        0x1 
 .data.Font_11x18
                0x0000000020000008        0x8 ./Core/Src/fonts.o
                0x0000000020000008                Font_11x18
 .data.algorithms
                0x0000000020000010        0xc ./Core/Src/state.o
 .data.SystemCoreClock
                0x000000002000001c        0x4 ./Core/Src/system_stm32f1xx.o
                0x000000002000001c                SystemCoreClock
 .data.uwTickPrio
                0x0000000020000020        0x4 ./Drivers/STM32F1xx_HAL_Driver/Src/stm32f1xx_hal.o
                0x0000000020000020                uwTickPrio
 .data.uwTickFreq
                0x0000000020000024        0x1 ./Drivers/STM32F1xx_HAL_Driver/Src/stm32f1xx_hal.o
                0x0000000020000024                uwTickFreq
 *fill*         0x0000000020000025        0x3 
 .data.USER_Driver
                0x0000000020000028       0x14 ./FATFS/Target/user_diskio.o
                0x0000000020000028                USER_Driver
 .data._impure_data
                0x000000002000003c       0x4c D:/STM32CubeIDE_1.13.2/STM32CubeIDE/plugins/com.st.stm32cube.ide.mcu.externaltools.gnu-tools-for-stm32.11.3.rel1.win32_1.1.1.202309131626/tools/bin/../lib/gcc/arm-none-eabi/11.3.1/../../../../arm-none-eabi/lib/thumb/v7-m/nofp\libc_nano.a(libc_a-impure.o)
                0x000000002000003c                _impure_data
 .data._impure_ptr
                0x0000000020000088        0x4 D:/STM32CubeIDE_1.13.2/STM32CubeIDE/plugins/com.st.stm32cube.ide.mcu.externaltools.gnu-tools-for-stm32.11.3.rel1.win32_1.1.1.202309131626/tools/bin/../lib/gcc/arm-none-eabi/11.3.1/../../../../arm-none-eabi/lib/thumb/v7-m/nofp\libc_nano.a(libc_a-impure.o)
                0x0000000020000088                _impure_ptr
 *(.RamFunc)
 *(.RamFunc*)
                0x000000002000008c                . = ALIGN (0x4)
                0x000000002000008c                _edata = .

.igot.plt       0x000000002000008c        0x0 load address 0x0000000008007ed0
 .igot.plt      0x000000002000008c        0x0 D:/STM32CubeIDE_1.13.2/STM32CubeIDE/plugins/com.st.stm32cube.ide.mcu.externaltools.gnu-tools-for-stm32.11.3.rel1.win32_1.1.1.202309131626/tools/bin/../lib/gcc/arm-none-eabi/11.3.1/thumb/v7-m/nofp/crtbegin.o
                0x000000002000008c                . = ALIGN (0x4)

.bss            0x000000002000008c      0x2b4 load address 0x0000000008007ed0
                0x000000002000008c                _sbss = .
                0x000000002000008c                __bss_start__ = _sbss
 *(.bss)
 .bss           0x000000002000008c       0x1c D:/STM32CubeIDE_1.13.2/STM32CubeIDE/plugins/com.st.stm32cube.ide.mcu.externaltools.gnu-tools-for-stm32.11.3.rel1.win32_1.1.1.202309131626/tools/bin/../lib/gcc/arm-none-eabi/11.3.1/thumb/v7-m/nofp/crtbegin.o
 *(.bss*)
 .bss.CardType  0x00000000200000a8        0x1 ./Core/Src/fatfs_sd.o
 .bss.PowerFlag
                0x00000000200000a9        0x1 ./Core/Src/fatfs_sd.o
 *fill*         0x00000000200000aa        0x2 
 .bss.hcrc      0x00000000200000ac        0x8 ./Core/Src/main.o
                0x00000000200000ac                hcrc
 .bss.hspi1     0x00000000200000b4       0x58 ./Core/Src/main.o
                0x00000000200000b4                hspi1
 .bss.hspi2     0x000000002000010c       0x58 ./Core/Src/main.o
                0x000000002000010c                hspi2
 .bss.huart2    0x0000000020000164       0x48 ./Core/Src/main.o
                0x0000000020000164                huart2
 .bss.state_info
                0x00000000200001ac        0x4 ./Core/Src/main.o
                0x00000000200001ac                state_info
 .bss.sd_card   0x00000000200001b0        0x4 ./Core/Src/main.o
                0x00000000200001b0                sd_card
 .bss.FatFsCnt  0x00000000200001b4        0x1 ./Core/Src/stm32f1xx_it.o
                0x00000000200001b4                FatFsCnt
 *fill*         0x00000000200001b5        0x1 
 .bss.Timer1    0x00000000200001b6        0x2 ./Core/Src/stm32f1xx_it.o
                0x00000000200001b6                Timer1
 .bss.Timer2    0x00000000200001b8        0x2 ./Core/Src/stm32f1xx_it.o
                0x00000000200001b8                Timer2
 *fill*         0x00000000200001ba        0x2 
 .bss.__sbrk_heap_end
                0x00000000200001bc        0x4 ./Core/Src/sysmem.o
 .bss.uwTick    0x00000000200001c0        0x4 ./Drivers/STM32F1xx_HAL_Driver/Src/stm32f1xx_hal.o
                0x00000000200001c0                uwTick
 .bss.retUSER   0x00000000200001c4        0x1 ./FATFS/App/fatfs.o
                0x00000000200001c4                retUSER
 *fill*         0x00000000200001c5        0x3 
 .bss.USERPath  0x00000000200001c8        0x4 ./FATFS/App/fatfs.o
                0x00000000200001c8                USERPath
 .bss.FatFs     0x00000000200001cc        0x4 ./Middlewares/Third_Party/FatFs/src/ff.o
 .bss.Fsid      0x00000000200001d0        0x2 ./Middlewares/Third_Party/FatFs/src/ff.o
 *fill*         0x00000000200001d2        0x2 
 .bss.Files     0x00000000200001d4       0x18 ./Middlewares/Third_Party/FatFs/src/ff.o
 .bss.disk      0x00000000200001ec        0xc ./Middlewares/Third_Party/FatFs/src/ff_gen_drv.o
                0x00000000200001ec                disk
 .bss.__malloc_free_list
                0x00000000200001f8        0x4 D:/STM32CubeIDE_1.13.2/STM32CubeIDE/plugins/com.st.stm32cube.ide.mcu.externaltools.gnu-tools-for-stm32.11.3.rel1.win32_1.1.1.202309131626/tools/bin/../lib/gcc/arm-none-eabi/11.3.1/../../../../arm-none-eabi/lib/thumb/v7-m/nofp\libc_nano.a(libc_a-mallocr.o)
                0x00000000200001f8                __malloc_free_list
 .bss.__malloc_sbrk_start
                0x00000000200001fc        0x4 D:/STM32CubeIDE_1.13.2/STM32CubeIDE/plugins/com.st.stm32cube.ide.mcu.externaltools.gnu-tools-for-stm32.11.3.rel1.win32_1.1.1.202309131626/tools/bin/../lib/gcc/arm-none-eabi/11.3.1/../../../../arm-none-eabi/lib/thumb/v7-m/nofp\libc_nano.a(libc_a-mallocr.o)
                0x00000000200001fc                __malloc_sbrk_start
 .bss.__sf      0x0000000020000200      0x138 D:/STM32CubeIDE_1.13.2/STM32CubeIDE/plugins/com.st.stm32cube.ide.mcu.externaltools.gnu-tools-for-stm32.11.3.rel1.win32_1.1.1.202309131626/tools/bin/../lib/gcc/arm-none-eabi/11.3.1/../../../../arm-none-eabi/lib/thumb/v7-m/nofp\libc_nano.a(libc_a-findfp.o)
                0x0000000020000200                __sf
 .bss.errno     0x0000000020000338        0x4 D:/STM32CubeIDE_1.13.2/STM32CubeIDE/plugins/com.st.stm32cube.ide.mcu.externaltools.gnu-tools-for-stm32.11.3.rel1.win32_1.1.1.202309131626/tools/bin/../lib/gcc/arm-none-eabi/11.3.1/../../../../arm-none-eabi/lib/thumb/v7-m/nofp\libc_nano.a(libc_a-reent.o)
                0x0000000020000338                errno
 .bss.__lock___malloc_recursive_mutex
                0x000000002000033c        0x1 D:/STM32CubeIDE_1.13.2/STM32CubeIDE/plugins/com.st.stm32cube.ide.mcu.externaltools.gnu-tools-for-stm32.11.3.rel1.win32_1.1.1.202309131626/tools/bin/../lib/gcc/arm-none-eabi/11.3.1/../../../../arm-none-eabi/lib/thumb/v7-m/nofp\libc_nano.a(libc_a-lock.o)
                0x000000002000033c                __lock___malloc_recursive_mutex
 *(COMMON)
                0x0000000020000340                . = ALIGN (0x4)
 *fill*         0x000000002000033d        0x3 
                0x0000000020000340                _ebss = .
                0x0000000020000340                __bss_end__ = _ebss

._user_heap_stack
                0x0000000020000340      0x600 load address 0x0000000008007ed0
                0x0000000020000340                . = ALIGN (0x8)
                [!provide]                        PROVIDE (end = .)
                0x0000000020000340                PROVIDE (_end = .)
                0x0000000020000540                . = (. + _Min_Heap_Size)
 *fill*         0x0000000020000340      0x200 
                0x0000000020000940                . = (. + _Min_Stack_Size)
 *fill*         0x0000000020000540      0x400 
                0x0000000020000940                . = ALIGN (0x8)

/DISCARD/
 libc.a(*)
 libm.a(*)
 libgcc.a(*)

.ARM.attributes
                0x0000000000000000       0x29
 *(.ARM.attributes)
 .ARM.attributes
                0x0000000000000000       0x1d D:/STM32CubeIDE_1.13.2/STM32CubeIDE/plugins/com.st.stm32cube.ide.mcu.externaltools.gnu-tools-for-stm32.11.3.rel1.win32_1.1.1.202309131626/tools/bin/../lib/gcc/arm-none-eabi/11.3.1/thumb/v7-m/nofp/crti.o
 .ARM.attributes
                0x000000000000001d       0x2d D:/STM32CubeIDE_1.13.2/STM32CubeIDE/plugins/com.st.stm32cube.ide.mcu.externaltools.gnu-tools-for-stm32.11.3.rel1.win32_1.1.1.202309131626/tools/bin/../lib/gcc/arm-none-eabi/11.3.1/thumb/v7-m/nofp/crtbegin.o
 .ARM.attributes
                0x000000000000004a       0x2d ./Core/Src/ST7735.o
 .ARM.attributes
                0x0000000000000077       0x2d ./Core/Src/fatfs_sd.o
 .ARM.attributes
                0x00000000000000a4       0x2d ./Core/Src/fonts.o
 .ARM.attributes
                0x00000000000000d1       0x2d ./Core/Src/main.o
 .ARM.attributes
                0x00000000000000fe       0x2d ./Core/Src/sd_card_interaction.o
 .ARM.attributes
                0x000000000000012b       0x2d ./Core/Src/state.o
 .ARM.attributes
                0x0000000000000158       0x2d ./Core/Src/stm32f1xx_hal_msp.o
 .ARM.attributes
                0x0000000000000185       0x2d ./Core/Src/stm32f1xx_it.o
 .ARM.attributes
                0x00000000000001b2       0x2d ./Core/Src/sysmem.o
 .ARM.attributes
                0x00000000000001df       0x2d ./Core/Src/system_stm32f1xx.o
 .ARM.attributes
                0x000000000000020c       0x2d ./Core/Src/utils.o
 .ARM.attributes
                0x0000000000000239       0x21 ./Core/Startup/startup_stm32f103c8tx.o
 .ARM.attributes
                0x000000000000025a       0x2d ./Drivers/STM32F1xx_HAL_Driver/Src/stm32f1xx_hal.o
 .ARM.attributes
                0x0000000000000287       0x2d ./Drivers/STM32F1xx_HAL_Driver/Src/stm32f1xx_hal_cortex.o
 .ARM.attributes
                0x00000000000002b4       0x2d ./Drivers/STM32F1xx_HAL_Driver/Src/stm32f1xx_hal_crc.o
 .ARM.attributes
                0x00000000000002e1       0x2d ./Drivers/STM32F1xx_HAL_Driver/Src/stm32f1xx_hal_dma.o
 .ARM.attributes
                0x000000000000030e       0x2d ./Drivers/STM32F1xx_HAL_Driver/Src/stm32f1xx_hal_gpio.o
 .ARM.attributes
                0x000000000000033b       0x2d ./Drivers/STM32F1xx_HAL_Driver/Src/stm32f1xx_hal_rcc.o
 .ARM.attributes
                0x0000000000000368       0x2d ./Drivers/STM32F1xx_HAL_Driver/Src/stm32f1xx_hal_spi.o
 .ARM.attributes
                0x0000000000000395       0x2d ./Drivers/STM32F1xx_HAL_Driver/Src/stm32f1xx_hal_uart.o
 .ARM.attributes
                0x00000000000003c2       0x2d ./FATFS/App/fatfs.o
 .ARM.attributes
                0x00000000000003ef       0x2d ./FATFS/Target/user_diskio.o
 .ARM.attributes
                0x000000000000041c       0x2d ./Middlewares/Third_Party/FatFs/src/diskio.o
 .ARM.attributes
                0x0000000000000449       0x2d ./Middlewares/Third_Party/FatFs/src/ff.o
 .ARM.attributes
                0x0000000000000476       0x2d ./Middlewares/Third_Party/FatFs/src/ff_gen_drv.o
 .ARM.attributes
                0x00000000000004a3       0x2d D:/STM32CubeIDE_1.13.2/STM32CubeIDE/plugins/com.st.stm32cube.ide.mcu.externaltools.gnu-tools-for-stm32.11.3.rel1.win32_1.1.1.202309131626/tools/bin/../lib/gcc/arm-none-eabi/11.3.1/../../../../arm-none-eabi/lib/thumb/v7-m/nofp\libc_nano.a(libc_a-calloc.o)
 .ARM.attributes
                0x00000000000004d0       0x2d D:/STM32CubeIDE_1.13.2/STM32CubeIDE/plugins/com.st.stm32cube.ide.mcu.externaltools.gnu-tools-for-stm32.11.3.rel1.win32_1.1.1.202309131626/tools/bin/../lib/gcc/arm-none-eabi/11.3.1/../../../../arm-none-eabi/lib/thumb/v7-m/nofp\libc_nano.a(libc_a-callocr.o)
 .ARM.attributes
                0x00000000000004fd       0x2d D:/STM32CubeIDE_1.13.2/STM32CubeIDE/plugins/com.st.stm32cube.ide.mcu.externaltools.gnu-tools-for-stm32.11.3.rel1.win32_1.1.1.202309131626/tools/bin/../lib/gcc/arm-none-eabi/11.3.1/../../../../arm-none-eabi/lib/thumb/v7-m/nofp\libc_nano.a(libc_a-mallocr.o)
 .ARM.attributes
                0x000000000000052a       0x2d D:/STM32CubeIDE_1.13.2/STM32CubeIDE/plugins/com.st.stm32cube.ide.mcu.externaltools.gnu-tools-for-stm32.11.3.rel1.win32_1.1.1.202309131626/tools/bin/../lib/gcc/arm-none-eabi/11.3.1/../../../../arm-none-eabi/lib/thumb/v7-m/nofp\libc_nano.a(libc_a-mlock.o)
 .ARM.attributes
                0x0000000000000557       0x2d D:/STM32CubeIDE_1.13.2/STM32CubeIDE/plugins/com.st.stm32cube.ide.mcu.externaltools.gnu-tools-for-stm32.11.3.rel1.win32_1.1.1.202309131626/tools/bin/../lib/gcc/arm-none-eabi/11.3.1/../../../../arm-none-eabi/lib/thumb/v7-m/nofp\libc_nano.a(libc_a-findfp.o)
 .ARM.attributes
                0x0000000000000584       0x2d D:/STM32CubeIDE_1.13.2/STM32CubeIDE/plugins/com.st.stm32cube.ide.mcu.externaltools.gnu-tools-for-stm32.11.3.rel1.win32_1.1.1.202309131626/tools/bin/../lib/gcc/arm-none-eabi/11.3.1/../../../../arm-none-eabi/lib/thumb/v7-m/nofp\libc_nano.a(libc_a-sprintf.o)
 .ARM.attributes
                0x00000000000005b1       0x2d D:/STM32CubeIDE_1.13.2/STM32CubeIDE/plugins/com.st.stm32cube.ide.mcu.externaltools.gnu-tools-for-stm32.11.3.rel1.win32_1.1.1.202309131626/tools/bin/../lib/gcc/arm-none-eabi/11.3.1/../../../../arm-none-eabi/lib/thumb/v7-m/nofp\libc_nano.a(libc_a-memset.o)
 .ARM.attributes
                0x00000000000005de       0x2d D:/STM32CubeIDE_1.13.2/STM32CubeIDE/plugins/com.st.stm32cube.ide.mcu.externaltools.gnu-tools-for-stm32.11.3.rel1.win32_1.1.1.202309131626/tools/bin/../lib/gcc/arm-none-eabi/11.3.1/../../../../arm-none-eabi/lib/thumb/v7-m/nofp\libc_nano.a(libc_a-reent.o)
 .ARM.attributes
                0x000000000000060b       0x2d D:/STM32CubeIDE_1.13.2/STM32CubeIDE/plugins/com.st.stm32cube.ide.mcu.externaltools.gnu-tools-for-stm32.11.3.rel1.win32_1.1.1.202309131626/tools/bin/../lib/gcc/arm-none-eabi/11.3.1/../../../../arm-none-eabi/lib/thumb/v7-m/nofp\libc_nano.a(libc_a-impure.o)
 .ARM.attributes
                0x0000000000000638       0x2d D:/STM32CubeIDE_1.13.2/STM32CubeIDE/plugins/com.st.stm32cube.ide.mcu.externaltools.gnu-tools-for-stm32.11.3.rel1.win32_1.1.1.202309131626/tools/bin/../lib/gcc/arm-none-eabi/11.3.1/../../../../arm-none-eabi/lib/thumb/v7-m/nofp\libc_nano.a(libc_a-sbrkr.o)
 .ARM.attributes
                0x0000000000000665       0x2d D:/STM32CubeIDE_1.13.2/STM32CubeIDE/plugins/com.st.stm32cube.ide.mcu.externaltools.gnu-tools-for-stm32.11.3.rel1.win32_1.1.1.202309131626/tools/bin/../lib/gcc/arm-none-eabi/11.3.1/../../../../arm-none-eabi/lib/thumb/v7-m/nofp\libc_nano.a(libc_a-errno.o)
 .ARM.attributes
                0x0000000000000692       0x2d D:/STM32CubeIDE_1.13.2/STM32CubeIDE/plugins/com.st.stm32cube.ide.mcu.externaltools.gnu-tools-for-stm32.11.3.rel1.win32_1.1.1.202309131626/tools/bin/../lib/gcc/arm-none-eabi/11.3.1/../../../../arm-none-eabi/lib/thumb/v7-m/nofp\libc_nano.a(libc_a-init.o)
 .ARM.attributes
                0x00000000000006bf       0x2d D:/STM32CubeIDE_1.13.2/STM32CubeIDE/plugins/com.st.stm32cube.ide.mcu.externaltools.gnu-tools-for-stm32.11.3.rel1.win32_1.1.1.202309131626/tools/bin/../lib/gcc/arm-none-eabi/11.3.1/../../../../arm-none-eabi/lib/thumb/v7-m/nofp\libc_nano.a(libc_a-lock.o)
 .ARM.attributes
                0x00000000000006ec       0x1b D:/STM32CubeIDE_1.13.2/STM32CubeIDE/plugins/com.st.stm32cube.ide.mcu.externaltools.gnu-tools-for-stm32.11.3.rel1.win32_1.1.1.202309131626/tools/bin/../lib/gcc/arm-none-eabi/11.3.1/../../../../arm-none-eabi/lib/thumb/v7-m/nofp\libc_nano.a(libc_a-strcmp.o)
 .ARM.attributes
                0x0000000000000707       0x2d D:/STM32CubeIDE_1.13.2/STM32CubeIDE/plugins/com.st.stm32cube.ide.mcu.externaltools.gnu-tools-for-stm32.11.3.rel1.win32_1.1.1.202309131626/tools/bin/../lib/gcc/arm-none-eabi/11.3.1/../../../../arm-none-eabi/lib/thumb/v7-m/nofp\libc_nano.a(libc_a-strcpy.o)
 .ARM.attributes
                0x0000000000000734       0x17 D:/STM32CubeIDE_1.13.2/STM32CubeIDE/plugins/com.st.stm32cube.ide.mcu.externaltools.gnu-tools-for-stm32.11.3.rel1.win32_1.1.1.202309131626/tools/bin/../lib/gcc/arm-none-eabi/11.3.1/../../../../arm-none-eabi/lib/thumb/v7-m/nofp\libc_nano.a(libc_a-strlen.o)
 .ARM.attributes
                0x000000000000074b       0x2d D:/STM32CubeIDE_1.13.2/STM32CubeIDE/plugins/com.st.stm32cube.ide.mcu.externaltools.gnu-tools-for-stm32.11.3.rel1.win32_1.1.1.202309131626/tools/bin/../lib/gcc/arm-none-eabi/11.3.1/../../../../arm-none-eabi/lib/thumb/v7-m/nofp\libc_nano.a(libc_a-freer.o)
 .ARM.attributes
                0x0000000000000778       0x2d D:/STM32CubeIDE_1.13.2/STM32CubeIDE/plugins/com.st.stm32cube.ide.mcu.externaltools.gnu-tools-for-stm32.11.3.rel1.win32_1.1.1.202309131626/tools/bin/../lib/gcc/arm-none-eabi/11.3.1/../../../../arm-none-eabi/lib/thumb/v7-m/nofp\libc_nano.a(libc_a-nano-svfprintf.o)
 .ARM.attributes
                0x00000000000007a5       0x2d D:/STM32CubeIDE_1.13.2/STM32CubeIDE/plugins/com.st.stm32cube.ide.mcu.externaltools.gnu-tools-for-stm32.11.3.rel1.win32_1.1.1.202309131626/tools/bin/../lib/gcc/arm-none-eabi/11.3.1/../../../../arm-none-eabi/lib/thumb/v7-m/nofp\libc_nano.a(libc_a-nano-vfprintf_i.o)
 .ARM.attributes
                0x00000000000007d2       0x2d D:/STM32CubeIDE_1.13.2/STM32CubeIDE/plugins/com.st.stm32cube.ide.mcu.externaltools.gnu-tools-for-stm32.11.3.rel1.win32_1.1.1.202309131626/tools/bin/../lib/gcc/arm-none-eabi/11.3.1/../../../../arm-none-eabi/lib/thumb/v7-m/nofp\libc_nano.a(libc_a-memmove.o)
 .ARM.attributes
                0x00000000000007ff       0x2d D:/STM32CubeIDE_1.13.2/STM32CubeIDE/plugins/com.st.stm32cube.ide.mcu.externaltools.gnu-tools-for-stm32.11.3.rel1.win32_1.1.1.202309131626/tools/bin/../lib/gcc/arm-none-eabi/11.3.1/../../../../arm-none-eabi/lib/thumb/v7-m/nofp\libc_nano.a(libc_a-memchr-stub.o)
 .ARM.attributes
                0x000000000000082c       0x2d D:/STM32CubeIDE_1.13.2/STM32CubeIDE/plugins/com.st.stm32cube.ide.mcu.externaltools.gnu-tools-for-stm32.11.3.rel1.win32_1.1.1.202309131626/tools/bin/../lib/gcc/arm-none-eabi/11.3.1/../../../../arm-none-eabi/lib/thumb/v7-m/nofp\libc_nano.a(libc_a-memcpy-stub.o)
 .ARM.attributes
                0x0000000000000859       0x2d D:/STM32CubeIDE_1.13.2/STM32CubeIDE/plugins/com.st.stm32cube.ide.mcu.externaltools.gnu-tools-for-stm32.11.3.rel1.win32_1.1.1.202309131626/tools/bin/../lib/gcc/arm-none-eabi/11.3.1/../../../../arm-none-eabi/lib/thumb/v7-m/nofp\libc_nano.a(libc_a-reallocr.o)
 .ARM.attributes
                0x0000000000000886       0x2d D:/STM32CubeIDE_1.13.2/STM32CubeIDE/plugins/com.st.stm32cube.ide.mcu.externaltools.gnu-tools-for-stm32.11.3.rel1.win32_1.1.1.202309131626/tools/bin/../lib/gcc/arm-none-eabi/11.3.1/../../../../arm-none-eabi/lib/thumb/v7-m/nofp\libc_nano.a(libc_a-msizer.o)
 .ARM.attributes
                0x00000000000008b3       0x1d D:/STM32CubeIDE_1.13.2/STM32CubeIDE/plugins/com.st.stm32cube.ide.mcu.externaltools.gnu-tools-for-stm32.11.3.rel1.win32_1.1.1.202309131626/tools/bin/../lib/gcc/arm-none-eabi/11.3.1/thumb/v7-m/nofp/crtn.o
OUTPUT(course_project_v2.elf elf32-littlearm)
LOAD linker stubs
LOAD D:/STM32CubeIDE_1.13.2/STM32CubeIDE/plugins/com.st.stm32cube.ide.mcu.externaltools.gnu-tools-for-stm32.11.3.rel1.win32_1.1.1.202309131626/tools/bin/../lib/gcc/arm-none-eabi/11.3.1/../../../../arm-none-eabi/lib/thumb/v7-m/nofp\libc.a
LOAD D:/STM32CubeIDE_1.13.2/STM32CubeIDE/plugins/com.st.stm32cube.ide.mcu.externaltools.gnu-tools-for-stm32.11.3.rel1.win32_1.1.1.202309131626/tools/bin/../lib/gcc/arm-none-eabi/11.3.1/../../../../arm-none-eabi/lib/thumb/v7-m/nofp\libm.a
LOAD D:/STM32CubeIDE_1.13.2/STM32CubeIDE/plugins/com.st.stm32cube.ide.mcu.externaltools.gnu-tools-for-stm32.11.3.rel1.win32_1.1.1.202309131626/tools/bin/../lib/gcc/arm-none-eabi/11.3.1/thumb/v7-m/nofp\libgcc.a

.comment        0x0000000000000000       0x43
 .comment       0x0000000000000000       0x43 D:/STM32CubeIDE_1.13.2/STM32CubeIDE/plugins/com.st.stm32cube.ide.mcu.externaltools.gnu-tools-for-stm32.11.3.rel1.win32_1.1.1.202309131626/tools/bin/../lib/gcc/arm-none-eabi/11.3.1/thumb/v7-m/nofp/crtbegin.o
                                         0x44 (size before relaxing)
 .comment       0x0000000000000043       0x44 ./Core/Src/ST7735.o
 .comment       0x0000000000000043       0x44 ./Core/Src/fatfs_sd.o
 .comment       0x0000000000000043       0x44 ./Core/Src/fonts.o
 .comment       0x0000000000000043       0x44 ./Core/Src/main.o
 .comment       0x0000000000000043       0x44 ./Core/Src/sd_card_interaction.o
 .comment       0x0000000000000043       0x44 ./Core/Src/state.o
 .comment       0x0000000000000043       0x44 ./Core/Src/stm32f1xx_hal_msp.o
 .comment       0x0000000000000043       0x44 ./Core/Src/stm32f1xx_it.o
 .comment       0x0000000000000043       0x44 ./Core/Src/sysmem.o
 .comment       0x0000000000000043       0x44 ./Core/Src/system_stm32f1xx.o
 .comment       0x0000000000000043       0x44 ./Core/Src/utils.o
 .comment       0x0000000000000043       0x44 ./Drivers/STM32F1xx_HAL_Driver/Src/stm32f1xx_hal.o
 .comment       0x0000000000000043       0x44 ./Drivers/STM32F1xx_HAL_Driver/Src/stm32f1xx_hal_cortex.o
 .comment       0x0000000000000043       0x44 ./Drivers/STM32F1xx_HAL_Driver/Src/stm32f1xx_hal_crc.o
 .comment       0x0000000000000043       0x44 ./Drivers/STM32F1xx_HAL_Driver/Src/stm32f1xx_hal_dma.o
 .comment       0x0000000000000043       0x44 ./Drivers/STM32F1xx_HAL_Driver/Src/stm32f1xx_hal_gpio.o
 .comment       0x0000000000000043       0x44 ./Drivers/STM32F1xx_HAL_Driver/Src/stm32f1xx_hal_rcc.o
 .comment       0x0000000000000043       0x44 ./Drivers/STM32F1xx_HAL_Driver/Src/stm32f1xx_hal_spi.o
 .comment       0x0000000000000043       0x44 ./Drivers/STM32F1xx_HAL_Driver/Src/stm32f1xx_hal_uart.o
 .comment       0x0000000000000043       0x44 ./FATFS/App/fatfs.o
 .comment       0x0000000000000043       0x44 ./FATFS/Target/user_diskio.o
 .comment       0x0000000000000043       0x44 ./Middlewares/Third_Party/FatFs/src/diskio.o
 .comment       0x0000000000000043       0x44 ./Middlewares/Third_Party/FatFs/src/ff.o
 .comment       0x0000000000000043       0x44 ./Middlewares/Third_Party/FatFs/src/ff_gen_drv.o

.debug_info     0x0000000000000000     0xf8f9
 .debug_info    0x0000000000000000      0xbc0 ./Core/Src/ST7735.o
 .debug_info    0x0000000000000bc0      0xbb5 ./Core/Src/fatfs_sd.o
 .debug_info    0x0000000000001775      0x19a ./Core/Src/fonts.o
 .debug_info    0x000000000000190f     0x17d5 ./Core/Src/main.o
 .debug_info    0x00000000000030e4      0x75d ./Core/Src/sd_card_interaction.o
 .debug_info    0x0000000000003841      0x423 ./Core/Src/state.o
 .debug_info    0x0000000000003c64      0xd4a ./Core/Src/stm32f1xx_hal_msp.o
 .debug_info    0x00000000000049ae      0x655 ./Core/Src/stm32f1xx_it.o
 .debug_info    0x0000000000005003      0x168 ./Core/Src/sysmem.o
 .debug_info    0x000000000000516b      0x222 ./Core/Src/system_stm32f1xx.o
 .debug_info    0x000000000000538d      0x282 ./Core/Src/utils.o
 .debug_info    0x000000000000560f       0x23 ./Core/Startup/startup_stm32f103c8tx.o
 .debug_info    0x0000000000005632      0x704 ./Drivers/STM32F1xx_HAL_Driver/Src/stm32f1xx_hal.o
 .debug_info    0x0000000000005d36      0xa87 ./Drivers/STM32F1xx_HAL_Driver/Src/stm32f1xx_hal_cortex.o
 .debug_info    0x00000000000067bd      0x37f ./Drivers/STM32F1xx_HAL_Driver/Src/stm32f1xx_hal_crc.o
 .debug_info    0x0000000000006b3c      0x6d2 ./Drivers/STM32F1xx_HAL_Driver/Src/stm32f1xx_hal_dma.o
 .debug_info    0x000000000000720e      0x5ab ./Drivers/STM32F1xx_HAL_Driver/Src/stm32f1xx_hal_gpio.o
 .debug_info    0x00000000000077b9      0x7d5 ./Drivers/STM32F1xx_HAL_Driver/Src/stm32f1xx_hal_rcc.o
 .debug_info    0x0000000000007f8e     0x1503 ./Drivers/STM32F1xx_HAL_Driver/Src/stm32f1xx_hal_spi.o
 .debug_info    0x0000000000009491     0x2fa8 ./Drivers/STM32F1xx_HAL_Driver/Src/stm32f1xx_hal_uart.o
 .debug_info    0x000000000000c439      0x4ea ./FATFS/App/fatfs.o
 .debug_info    0x000000000000c923      0x3a5 ./FATFS/Target/user_diskio.o
 .debug_info    0x000000000000ccc8      0x3da ./Middlewares/Third_Party/FatFs/src/diskio.o
 .debug_info    0x000000000000d0a2     0x24dd ./Middlewares/Third_Party/FatFs/src/ff.o
 .debug_info    0x000000000000f57f      0x37a ./Middlewares/Third_Party/FatFs/src/ff_gen_drv.o

.debug_abbrev   0x0000000000000000     0x307b
 .debug_abbrev  0x0000000000000000      0x2f9 ./Core/Src/ST7735.o
 .debug_abbrev  0x00000000000002f9      0x2ee ./Core/Src/fatfs_sd.o
 .debug_abbrev  0x00000000000005e7       0xb3 ./Core/Src/fonts.o
 .debug_abbrev  0x000000000000069a      0x415 ./Core/Src/main.o
 .debug_abbrev  0x0000000000000aaf      0x1dd ./Core/Src/sd_card_interaction.o
 .debug_abbrev  0x0000000000000c8c      0x187 ./Core/Src/state.o
 .debug_abbrev  0x0000000000000e13      0x203 ./Core/Src/stm32f1xx_hal_msp.o
 .debug_abbrev  0x0000000000001016      0x19f ./Core/Src/stm32f1xx_it.o
 .debug_abbrev  0x00000000000011b5       0xbc ./Core/Src/sysmem.o
 .debug_abbrev  0x0000000000001271      0x13f ./Core/Src/system_stm32f1xx.o
 .debug_abbrev  0x00000000000013b0      0x10d ./Core/Src/utils.o
 .debug_abbrev  0x00000000000014bd       0x12 ./Core/Startup/startup_stm32f103c8tx.o
 .debug_abbrev  0x00000000000014cf      0x201 ./Drivers/STM32F1xx_HAL_Driver/Src/stm32f1xx_hal.o
 .debug_abbrev  0x00000000000016d0      0x2f8 ./Drivers/STM32F1xx_HAL_Driver/Src/stm32f1xx_hal_cortex.o
 .debug_abbrev  0x00000000000019c8      0x1b1 ./Drivers/STM32F1xx_HAL_Driver/Src/stm32f1xx_hal_crc.o
 .debug_abbrev  0x0000000000001b79      0x20b ./Drivers/STM32F1xx_HAL_Driver/Src/stm32f1xx_hal_dma.o
 .debug_abbrev  0x0000000000001d84      0x1ca ./Drivers/STM32F1xx_HAL_Driver/Src/stm32f1xx_hal_gpio.o
 .debug_abbrev  0x0000000000001f4e      0x2b3 ./Drivers/STM32F1xx_HAL_Driver/Src/stm32f1xx_hal_rcc.o
 .debug_abbrev  0x0000000000002201      0x284 ./Drivers/STM32F1xx_HAL_Driver/Src/stm32f1xx_hal_spi.o
 .debug_abbrev  0x0000000000002485      0x2f8 ./Drivers/STM32F1xx_HAL_Driver/Src/stm32f1xx_hal_uart.o
 .debug_abbrev  0x000000000000277d      0x1a8 ./FATFS/App/fatfs.o
 .debug_abbrev  0x0000000000002925      0x15c ./FATFS/Target/user_diskio.o
 .debug_abbrev  0x0000000000002a81      0x181 ./Middlewares/Third_Party/FatFs/src/diskio.o
 .debug_abbrev  0x0000000000002c02      0x2da ./Middlewares/Third_Party/FatFs/src/ff.o
 .debug_abbrev  0x0000000000002edc      0x19f ./Middlewares/Third_Party/FatFs/src/ff_gen_drv.o

.debug_aranges  0x0000000000000000      0xe90
 .debug_aranges
                0x0000000000000000       0xa8 ./Core/Src/ST7735.o
 .debug_aranges
                0x00000000000000a8       0xa8 ./Core/Src/fatfs_sd.o
 .debug_aranges
                0x0000000000000150       0x18 ./Core/Src/fonts.o
 .debug_aranges
                0x0000000000000168       0x90 ./Core/Src/main.o
 .debug_aranges
                0x00000000000001f8       0x38 ./Core/Src/sd_card_interaction.o
 .debug_aranges
                0x0000000000000230       0x68 ./Core/Src/state.o
 .debug_aranges
                0x0000000000000298       0x50 ./Core/Src/stm32f1xx_hal_msp.o
 .debug_aranges
                0x00000000000002e8       0x78 ./Core/Src/stm32f1xx_it.o
 .debug_aranges
                0x0000000000000360       0x20 ./Core/Src/sysmem.o
 .debug_aranges
                0x0000000000000380       0x28 ./Core/Src/system_stm32f1xx.o
 .debug_aranges
                0x00000000000003a8       0x38 ./Core/Src/utils.o
 .debug_aranges
                0x00000000000003e0       0x28 ./Core/Startup/startup_stm32f103c8tx.o
 .debug_aranges
                0x0000000000000408       0xe0 ./Drivers/STM32F1xx_HAL_Driver/Src/stm32f1xx_hal.o
 .debug_aranges
                0x00000000000004e8      0x100 ./Drivers/STM32F1xx_HAL_Driver/Src/stm32f1xx_hal_cortex.o
 .debug_aranges
                0x00000000000005e8       0x50 ./Drivers/STM32F1xx_HAL_Driver/Src/stm32f1xx_hal_crc.o
 .debug_aranges
                0x0000000000000638       0x80 ./Drivers/STM32F1xx_HAL_Driver/Src/stm32f1xx_hal_dma.o
 .debug_aranges
                0x00000000000006b8       0x58 ./Drivers/STM32F1xx_HAL_Driver/Src/stm32f1xx_hal_gpio.o
 .debug_aranges
                0x0000000000000710       0x90 ./Drivers/STM32F1xx_HAL_Driver/Src/stm32f1xx_hal_rcc.o
 .debug_aranges
                0x00000000000007a0      0x1d0 ./Drivers/STM32F1xx_HAL_Driver/Src/stm32f1xx_hal_spi.o
 .debug_aranges
                0x0000000000000970      0x208 ./Drivers/STM32F1xx_HAL_Driver/Src/stm32f1xx_hal_uart.o
 .debug_aranges
                0x0000000000000b78       0x28 ./FATFS/App/fatfs.o
 .debug_aranges
                0x0000000000000ba0       0x40 ./FATFS/Target/user_diskio.o
 .debug_aranges
                0x0000000000000be0       0x48 ./Middlewares/Third_Party/FatFs/src/diskio.o
 .debug_aranges
                0x0000000000000c28      0x228 ./Middlewares/Third_Party/FatFs/src/ff.o
 .debug_aranges
                0x0000000000000e50       0x40 ./Middlewares/Third_Party/FatFs/src/ff_gen_drv.o

.debug_rnglists
                0x0000000000000000      0xb07
 .debug_rnglists
                0x0000000000000000       0x80 ./Core/Src/ST7735.o
 .debug_rnglists
                0x0000000000000080       0x80 ./Core/Src/fatfs_sd.o
 .debug_rnglists
                0x0000000000000100       0x6a ./Core/Src/main.o
 .debug_rnglists
                0x000000000000016a       0x25 ./Core/Src/sd_card_interaction.o
 .debug_rnglists
                0x000000000000018f       0x49 ./Core/Src/state.o
 .debug_rnglists
                0x00000000000001d8       0x39 ./Core/Src/stm32f1xx_hal_msp.o
 .debug_rnglists
                0x0000000000000211       0x55 ./Core/Src/stm32f1xx_it.o
 .debug_rnglists
                0x0000000000000266       0x13 ./Core/Src/sysmem.o
 .debug_rnglists
                0x0000000000000279       0x1a ./Core/Src/system_stm32f1xx.o
 .debug_rnglists
                0x0000000000000293       0x26 ./Core/Src/utils.o
 .debug_rnglists
                0x00000000000002b9       0x19 ./Core/Startup/startup_stm32f103c8tx.o
 .debug_rnglists
                0x00000000000002d2       0xa3 ./Drivers/STM32F1xx_HAL_Driver/Src/stm32f1xx_hal.o
 .debug_rnglists
                0x0000000000000375       0xbb ./Drivers/STM32F1xx_HAL_Driver/Src/stm32f1xx_hal_cortex.o
 .debug_rnglists
                0x0000000000000430       0x37 ./Drivers/STM32F1xx_HAL_Driver/Src/stm32f1xx_hal_crc.o
 .debug_rnglists
                0x0000000000000467       0x64 ./Drivers/STM32F1xx_HAL_Driver/Src/stm32f1xx_hal_dma.o
 .debug_rnglists
                0x00000000000004cb       0x3f ./Drivers/STM32F1xx_HAL_Driver/Src/stm32f1xx_hal_gpio.o
 .debug_rnglists
                0x000000000000050a       0x6c ./Drivers/STM32F1xx_HAL_Driver/Src/stm32f1xx_hal_rcc.o
 .debug_rnglists
                0x0000000000000576      0x16e ./Drivers/STM32F1xx_HAL_Driver/Src/stm32f1xx_hal_spi.o
 .debug_rnglists
                0x00000000000006e4      0x1bc ./Drivers/STM32F1xx_HAL_Driver/Src/stm32f1xx_hal_uart.o
 .debug_rnglists
                0x00000000000008a0       0x19 ./FATFS/App/fatfs.o
 .debug_rnglists
                0x00000000000008b9       0x2b ./FATFS/Target/user_diskio.o
 .debug_rnglists
                0x00000000000008e4       0x31 ./Middlewares/Third_Party/FatFs/src/diskio.o
 .debug_rnglists
                0x0000000000000915      0x1c6 ./Middlewares/Third_Party/FatFs/src/ff.o
 .debug_rnglists
                0x0000000000000adb       0x2c ./Middlewares/Third_Party/FatFs/src/ff_gen_drv.o

.debug_macro    0x0000000000000000    0x197ff
 .debug_macro   0x0000000000000000      0x326 ./Core/Src/ST7735.o
 .debug_macro   0x0000000000000326      0xa9c ./Core/Src/ST7735.o
 .debug_macro   0x0000000000000dc2       0x22 ./Core/Src/ST7735.o
 .debug_macro   0x0000000000000de4       0x8e ./Core/Src/ST7735.o
 .debug_macro   0x0000000000000e72       0x51 ./Core/Src/ST7735.o
 .debug_macro   0x0000000000000ec3      0x103 ./Core/Src/ST7735.o
 .debug_macro   0x0000000000000fc6       0x6a ./Core/Src/ST7735.o
 .debug_macro   0x0000000000001030      0x1df ./Core/Src/ST7735.o
 .debug_macro   0x000000000000120f      0x221 ./Core/Src/ST7735.o
 .debug_macro   0x0000000000001430       0x2e ./Core/Src/ST7735.o
 .debug_macro   0x000000000000145e       0x22 ./Core/Src/ST7735.o
 .debug_macro   0x0000000000001480       0x1c ./Core/Src/ST7735.o
 .debug_macro   0x000000000000149c       0x22 ./Core/Src/ST7735.o
 .debug_macro   0x00000000000014be       0xbd ./Core/Src/ST7735.o
 .debug_macro   0x000000000000157b      0xd23 ./Core/Src/ST7735.o
 .debug_macro   0x000000000000229e     0xe09e ./Core/Src/ST7735.o
 .debug_macro   0x000000000001033c       0x6d ./Core/Src/ST7735.o
 .debug_macro   0x00000000000103a9     0x348d ./Core/Src/ST7735.o
 .debug_macro   0x0000000000013836      0x174 ./Core/Src/ST7735.o
 .debug_macro   0x00000000000139aa       0x5c ./Core/Src/ST7735.o
 .debug_macro   0x0000000000013a06      0x5bc ./Core/Src/ST7735.o
 .debug_macro   0x0000000000013fc2      0x289 ./Core/Src/ST7735.o
 .debug_macro   0x000000000001424b      0x1cb ./Core/Src/ST7735.o
 .debug_macro   0x0000000000014416      0x114 ./Core/Src/ST7735.o
 .debug_macro   0x000000000001452a      0x1b2 ./Core/Src/ST7735.o
 .debug_macro   0x00000000000146dc       0x27 ./Core/Src/ST7735.o
 .debug_macro   0x0000000000014703      0x136 ./Core/Src/ST7735.o
 .debug_macro   0x0000000000014839      0x1bc ./Core/Src/ST7735.o
 .debug_macro   0x00000000000149f5       0x34 ./Core/Src/ST7735.o
 .debug_macro   0x0000000000014a29       0x3c ./Core/Src/ST7735.o
 .debug_macro   0x0000000000014a65       0x57 ./Core/Src/ST7735.o
 .debug_macro   0x0000000000014abc       0x22 ./Core/Src/ST7735.o
 .debug_macro   0x0000000000014ade       0x87 ./Core/Src/ST7735.o
 .debug_macro   0x0000000000014b65      0x240 ./Core/Src/ST7735.o
 .debug_macro   0x0000000000014da5      0x140 ./Core/Src/ST7735.o
 .debug_macro   0x0000000000014ee5      0x217 ./Core/Src/ST7735.o
 .debug_macro   0x00000000000150fc      0x28e ./Core/Src/ST7735.o
 .debug_macro   0x000000000001538a       0x83 ./Core/Src/ST7735.o
 .debug_macro   0x000000000001540d       0x3a ./Core/Src/ST7735.o
 .debug_macro   0x0000000000015447       0x40 ./Core/Src/ST7735.o
 .debug_macro   0x0000000000015487       0x22 ./Core/Src/ST7735.o
 .debug_macro   0x00000000000154a9       0x61 ./Core/Src/ST7735.o
 .debug_macro   0x000000000001550a       0x24 ./Core/Src/ST7735.o
 .debug_macro   0x000000000001552e       0x43 ./Core/Src/ST7735.o
 .debug_macro   0x0000000000015571       0x34 ./Core/Src/ST7735.o
 .debug_macro   0x00000000000155a5       0x16 ./Core/Src/ST7735.o
 .debug_macro   0x00000000000155bb       0x43 ./Core/Src/ST7735.o
 .debug_macro   0x00000000000155fe       0x34 ./Core/Src/ST7735.o
 .debug_macro   0x0000000000015632       0x10 ./Core/Src/ST7735.o
 .debug_macro   0x0000000000015642       0x58 ./Core/Src/ST7735.o
 .debug_macro   0x000000000001569a       0x8e ./Core/Src/ST7735.o
 .debug_macro   0x0000000000015728       0x1c ./Core/Src/ST7735.o
 .debug_macro   0x0000000000015744      0x177 ./Core/Src/ST7735.o
 .debug_macro   0x00000000000158bb      0x369 ./Core/Src/ST7735.o
 .debug_macro   0x0000000000015c24       0x10 ./Core/Src/ST7735.o
 .debug_macro   0x0000000000015c34       0x35 ./Core/Src/ST7735.o
 .debug_macro   0x0000000000015c69       0x20 ./Core/Src/ST7735.o
 .debug_macro   0x0000000000015c89      0x154 ./Core/Src/ST7735.o
 .debug_macro   0x0000000000015ddd       0x16 ./Core/Src/ST7735.o
 .debug_macro   0x0000000000015df3       0x16 ./Core/Src/ST7735.o
 .debug_macro   0x0000000000015e09       0x29 ./Core/Src/ST7735.o
 .debug_macro   0x0000000000015e32      0x231 ./Core/Src/fatfs_sd.o
 .debug_macro   0x0000000000016063       0x16 ./Core/Src/fatfs_sd.o
 .debug_macro   0x0000000000016079       0x7c ./Core/Src/fatfs_sd.o
 .debug_macro   0x00000000000160f5       0x40 ./Core/Src/fatfs_sd.o
 .debug_macro   0x0000000000016135       0xd8 ./Core/Src/fatfs_sd.o
 .debug_macro   0x000000000001620d       0xf5 ./Core/Src/fatfs_sd.o
 .debug_macro   0x0000000000016302       0x82 ./Core/Src/fatfs_sd.o
 .debug_macro   0x0000000000016384       0x6d ./Core/Src/fonts.o
 .debug_macro   0x00000000000163f1      0x38e ./Core/Src/main.o
 .debug_macro   0x000000000001677f       0xde ./Core/Src/main.o
 .debug_macro   0x000000000001685d       0x8e ./Core/Src/main.o
 .debug_macro   0x00000000000168eb       0x1c ./Core/Src/main.o
 .debug_macro   0x0000000000016907       0x1c ./Core/Src/main.o
 .debug_macro   0x0000000000016923       0x1c ./Core/Src/main.o
 .debug_macro   0x000000000001693f       0x10 ./Core/Src/main.o
 .debug_macro   0x000000000001694f       0x1c ./Core/Src/main.o
 .debug_macro   0x000000000001696b       0x16 ./Core/Src/main.o
 .debug_macro   0x0000000000016981      0x147 ./Core/Src/main.o
 .debug_macro   0x0000000000016ac8       0x88 ./Core/Src/main.o
 .debug_macro   0x0000000000016b50      0x365 ./Core/Src/sd_card_interaction.o
 .debug_macro   0x0000000000016eb5      0x328 ./Core/Src/state.o
 .debug_macro   0x00000000000171dd       0x5b ./Core/Src/state.o
 .debug_macro   0x0000000000017238       0x94 ./Core/Src/state.o
 .debug_macro   0x00000000000172cc       0x57 ./Core/Src/state.o
 .debug_macro   0x0000000000017323      0x1b1 ./Core/Src/stm32f1xx_hal_msp.o
 .debug_macro   0x00000000000174d4      0x1bb ./Core/Src/stm32f1xx_it.o
 .debug_macro   0x000000000001768f       0xff ./Core/Src/sysmem.o
 .debug_macro   0x000000000001778e      0x23c ./Core/Src/sysmem.o
 .debug_macro   0x00000000000179ca      0x1a2 ./Core/Src/system_stm32f1xx.o
 .debug_macro   0x0000000000017b6c      0x1aa ./Core/Src/utils.o
 .debug_macro   0x0000000000017d16      0x1c6 ./Drivers/STM32F1xx_HAL_Driver/Src/stm32f1xx_hal.o
 .debug_macro   0x0000000000017edc      0x1a2 ./Drivers/STM32F1xx_HAL_Driver/Src/stm32f1xx_hal_cortex.o
 .debug_macro   0x000000000001807e      0x1a2 ./Drivers/STM32F1xx_HAL_Driver/Src/stm32f1xx_hal_crc.o
 .debug_macro   0x0000000000018220      0x1a2 ./Drivers/STM32F1xx_HAL_Driver/Src/stm32f1xx_hal_dma.o
 .debug_macro   0x00000000000183c2      0x20d ./Drivers/STM32F1xx_HAL_Driver/Src/stm32f1xx_hal_gpio.o
 .debug_macro   0x00000000000185cf      0x1b4 ./Drivers/STM32F1xx_HAL_Driver/Src/stm32f1xx_hal_rcc.o
 .debug_macro   0x0000000000018783      0x1aa ./Drivers/STM32F1xx_HAL_Driver/Src/stm32f1xx_hal_spi.o
 .debug_macro   0x000000000001892d      0x1a3 ./Drivers/STM32F1xx_HAL_Driver/Src/stm32f1xx_hal_uart.o
 .debug_macro   0x0000000000018ad0      0x204 ./FATFS/App/fatfs.o
 .debug_macro   0x0000000000018cd4      0x2b9 ./FATFS/Target/user_diskio.o
 .debug_macro   0x0000000000018f8d      0x1f1 ./Middlewares/Third_Party/FatFs/src/diskio.o
 .debug_macro   0x000000000001917e      0x438 ./Middlewares/Third_Party/FatFs/src/ff.o
 .debug_macro   0x00000000000195b6       0x58 ./Middlewares/Third_Party/FatFs/src/ff.o
 .debug_macro   0x000000000001960e      0x1f1 ./Middlewares/Third_Party/FatFs/src/ff_gen_drv.o

.debug_line     0x0000000000000000    0x144a1
 .debug_line    0x0000000000000000      0xce4 ./Core/Src/ST7735.o
 .debug_line    0x0000000000000ce4      0xe7f ./Core/Src/fatfs_sd.o
 .debug_line    0x0000000000001b63      0x3fe ./Core/Src/fonts.o
 .debug_line    0x0000000000001f61      0xc8c ./Core/Src/main.o
 .debug_line    0x0000000000002bed      0x9f7 ./Core/Src/sd_card_interaction.o
 .debug_line    0x00000000000035e4      0xa0f ./Core/Src/state.o
 .debug_line    0x0000000000003ff3      0x7fd ./Core/Src/stm32f1xx_hal_msp.o
 .debug_line    0x00000000000047f0      0x815 ./Core/Src/stm32f1xx_it.o
 .debug_line    0x0000000000005005      0x56a ./Core/Src/sysmem.o
 .debug_line    0x000000000000556f      0x76c ./Core/Src/system_stm32f1xx.o
 .debug_line    0x0000000000005cdb      0x6ee ./Core/Src/utils.o
 .debug_line    0x00000000000063c9       0x78 ./Core/Startup/startup_stm32f103c8tx.o
 .debug_line    0x0000000000006441      0x999 ./Drivers/STM32F1xx_HAL_Driver/Src/stm32f1xx_hal.o
 .debug_line    0x0000000000006dda      0xb81 ./Drivers/STM32F1xx_HAL_Driver/Src/stm32f1xx_hal_cortex.o
 .debug_line    0x000000000000795b      0x834 ./Drivers/STM32F1xx_HAL_Driver/Src/stm32f1xx_hal_crc.o
 .debug_line    0x000000000000818f      0xdf2 ./Drivers/STM32F1xx_HAL_Driver/Src/stm32f1xx_hal_dma.o
 .debug_line    0x0000000000008f81      0xa32 ./Drivers/STM32F1xx_HAL_Driver/Src/stm32f1xx_hal_gpio.o
 .debug_line    0x00000000000099b3      0xda2 ./Drivers/STM32F1xx_HAL_Driver/Src/stm32f1xx_hal_rcc.o
 .debug_line    0x000000000000a755     0x1c21 ./Drivers/STM32F1xx_HAL_Driver/Src/stm32f1xx_hal_spi.o
 .debug_line    0x000000000000c376     0x28c7 ./Drivers/STM32F1xx_HAL_Driver/Src/stm32f1xx_hal_uart.o
 .debug_line    0x000000000000ec3d      0x789 ./FATFS/App/fatfs.o
 .debug_line    0x000000000000f3c6      0x90b ./FATFS/Target/user_diskio.o
 .debug_line    0x000000000000fcd1      0x7fa ./Middlewares/Third_Party/FatFs/src/diskio.o
 .debug_line    0x00000000000104cb     0x37bf ./Middlewares/Third_Party/FatFs/src/ff.o
 .debug_line    0x0000000000013c8a      0x817 ./Middlewares/Third_Party/FatFs/src/ff_gen_drv.o

.debug_str      0x0000000000000000    0x86976
 .debug_str     0x0000000000000000    0x81c6e ./Core/Src/ST7735.o
                                      0x82052 (size before relaxing)
 .debug_str     0x0000000000081c6e      0xab0 ./Core/Src/fatfs_sd.o
                                      0x7ee7d (size before relaxing)
 .debug_str     0x000000000008271e       0x51 ./Core/Src/fonts.o
                                       0x3d0a (size before relaxing)
 .debug_str     0x000000000008276f     0x12cb ./Core/Src/main.o
                                      0x837ec (size before relaxing)
 .debug_str     0x0000000000083a3a       0x80 ./Core/Src/sd_card_interaction.o
                                      0x823fb (size before relaxing)
 .debug_str     0x0000000000083aba       0xa4 ./Core/Src/state.o
                                      0x81fde (size before relaxing)
 .debug_str     0x0000000000083b5e       0xbd ./Core/Src/stm32f1xx_hal_msp.o
                                      0x7e960 (size before relaxing)
 .debug_str     0x0000000000083c1b      0x134 ./Core/Src/stm32f1xx_it.o
                                      0x7e413 (size before relaxing)
 .debug_str     0x0000000000083d4f      0x4dc ./Core/Src/sysmem.o
                                       0x5ff2 (size before relaxing)
 .debug_str     0x000000000008422b       0x7e ./Core/Src/system_stm32f1xx.o
                                      0x7de66 (size before relaxing)
 .debug_str     0x00000000000842a9       0x63 ./Core/Src/utils.o