../Core/Src/ST7735.c:70:13:ST7735_GPIO_Init	4	static
../Core/Src/ST7735.c:75:13:ST7735_Reset	8	static
../Core/Src/ST7735.c:82:13:ST7735_WriteCommand	16	static
../Core/Src/ST7735.c:92:13:ST7735_WriteData	16	static
../Core/Src/ST7735.c:104:13:ST7735_ExecuteCommandList	24	static
../Core/Src/ST7735.c:134:13:ST7735_SetAddressWindow	32	static
../Core/Src/ST7735.c:151:13:ST7735_WriteChar	48	static
../Core/Src/ST7735.c:176:6:ST7735_Init	8	static
../Core/Src/ST7735.c:187:6:ST7735_DrawPixel	24	static
../Core/Src/ST7735.c:201:6:ST7735_DrawString	32	static
../Core/Src/ST7735.c:231:6:ST7735_FillRectangle	32	static
../Core/Src/ST7735.c:258:6:ST7735_FillScreen	24	static
../Core/Src/ST7735.c:263:6:ST7735_DrawTouchGFX	56	dynamic
../Core/Src/ST7735.c:287:6:ST7735_InvertColors	16	static
../Core/Src/ST7735.c:294:6:ST7735_Backlight_On	8	static
../Core/Src/ST7735.c:299:6:ST7735_Backlight_Off	8	static
../Core/Src/ST7735.c:304:9:ST7735_GetHeight	4	static
../Core/Src/ST7735.c:309:9:ST7735_GetWidth	4	static
